tipitaka/2Sutta-Pitaka/4Anguttara-Nikaya/Anguttara2/4-catukkanipata/001-bhandagamavaggo-e2.html
tipitaka/2Sutta-Pitaka/4Anguttara-Nikaya/Anguttara2/4-catukkanipata/002-caravaggo-e2.html
tipitaka/2Sutta-Pitaka/4Anguttara-Nikaya/Anguttara2/4-catukkanipata/003-uruvelavaggo-e2.html
tipitaka/2Sutta-Pitaka/4Anguttara-Nikaya/Anguttara2/4-catukkanipata/004-cakkavaggo-e2.html
tipitaka/2Sutta-Pitaka/4Anguttara-Nikaya/Anguttara2/4-catukkanipata/005-rohitassavaggo-e2.html
tipitaka/2Sutta-Pitaka/4Anguttara-Nikaya/Anguttara2/4-catukkanipata/006-punnabhisandavaggo-e2.html
tipitaka/2Sutta-Pitaka/4Anguttara-Nikaya/Anguttara2/4-catukkanipata/007-pattakammavaggo-e2.html
tipitaka/2Sutta-Pitaka/4Anguttara-Nikaya/Anguttara2/4-catukkanipata/008-apannakavaggo-e2.html
tipitaka/2Sutta-Pitaka/4Anguttara-Nikaya/Anguttara2/4-catukkanipata/009-macalavaggo-e2.html
tipitaka/2Sutta-Pitaka/4Anguttara-Nikaya/Anguttara2/4-catukkanipata/010-asuravaggo-e2.html
tipitaka/2Sutta-Pitaka/4Anguttara-Nikaya/Anguttara2/4-catukkanipata/011-valahakavaggo-e2.html
tipitaka/2Sutta-Pitaka/4Anguttara-Nikaya/Anguttara2/4-catukkanipata/012-kesivaggo-e2.html
tipitaka/2Sutta-Pitaka/4Anguttara-Nikaya/Anguttara2/4-catukkanipata/013-bhayavaggo-e2.html
tipitaka/2Sutta-Pitaka/4Anguttara-Nikaya/Anguttara2/4-catukkanipata/014-puggalavaggo-e2.html
tipitaka/2Sutta-Pitaka/4Anguttara-Nikaya/Anguttara2/4-catukkanipata/015-abhavaggo-e2.html
tipitaka/2Sutta-Pitaka/4Anguttara-Nikaya/Anguttara2/4-catukkanipata/016-indriyavaggo-e2.html
tipitaka/2Sutta-Pitaka/4Anguttara-Nikaya/Anguttara2/4-catukkanipata/017-patipadavaggo-e2.html
tipitaka/2Sutta-Pitaka/4Anguttara-Nikaya/Anguttara2/4-catukkanipata/018-sacetaniyavaggo-e2.html
tipitaka/2Sutta-Pitaka/4Anguttara-Nikaya/Anguttara2/4-catukkanipata/019-brahmanavaggo-e2.html
tipitaka/2Sutta-Pitaka/4Anguttara-Nikaya/Anguttara2/4-catukkanipata/020-mahavaggo-e2.html
tipitaka/2Sutta-Pitaka/4Anguttara-Nikaya/Anguttara2/4-catukkanipata/021-sappurisavaggo-e2.html
tipitaka/2Sutta-Pitaka/4Anguttara-Nikaya/Anguttara2/4-catukkanipata/022-parisasobhanavaggo-e2.html
tipitaka/2Sutta-Pitaka/4Anguttara-Nikaya/Anguttara2/4-catukkanipata/023-sucaritavaggo-e2.html
tipitaka/2Sutta-Pitaka/4Anguttara-Nikaya/Anguttara2/4-catukkanipata/024-kammavaggo-e2.html
tipitaka/2Sutta-Pitaka/4Anguttara-Nikaya/Anguttara2/4-catukkanipata/025-apattibhayavaggo-e2.html
tipitaka/2Sutta-Pitaka/4Anguttara-Nikaya/Anguttara2/4-catukkanipata/026-abhinnavaggo-e2.html
tipitaka/2Sutta-Pitaka/4Anguttara-Nikaya/Anguttara2/4-catukkanipata/027-kammapathavaggo-e2.html