tipitaka/2Sutta-Pitaka/4Anguttara-Nikaya/Anguttara1/1-ekanipata/001-Cittapariyadanavaggo-e.html
tipitaka/2Sutta-Pitaka/4Anguttara-Nikaya/Anguttara1/1-ekanipata/002-Nivaranappahanavaggo-e.html
tipitaka/2Sutta-Pitaka/4Anguttara-Nikaya/Anguttara1/1-ekanipata/003-Akammaniyavaggo-e.html
tipitaka/2Sutta-Pitaka/4Anguttara-Nikaya/Anguttara1/1-ekanipata/004-Adantavaggo-e.html
tipitaka/2Sutta-Pitaka/4Anguttara-Nikaya/Anguttara1/1-ekanipata/005-Sukavaggo-e.html
tipitaka/2Sutta-Pitaka/4Anguttara-Nikaya/Anguttara1/1-ekanipata/006-Pabhassaravaggo-e.html
tipitaka/2Sutta-Pitaka/4Anguttara-Nikaya/Anguttara1/1-ekanipata/007-Viriyarambhavaggo-e.html
tipitaka/2Sutta-Pitaka/4Anguttara-Nikaya/Anguttara1/1-ekanipata/008-Kalyanamittavaggo-e.html
tipitaka/2Sutta-Pitaka/4Anguttara-Nikaya/Anguttara1/1-ekanipata/009-Pamadavaggo-e.html
tipitaka/2Sutta-Pitaka/4Anguttara-Nikaya/Anguttara1/1-ekanipata/010-Ajjhattikavaggo-e.html
tipitaka/2Sutta-Pitaka/4Anguttara-Nikaya/Anguttara1/1-ekanipata/011-Adhammavaggo-e.html
tipitaka/2Sutta-Pitaka/4Anguttara-Nikaya/Anguttara1/1-ekanipata/012-Anapattivaggo-e.html
tipitaka/2Sutta-Pitaka/4Anguttara-Nikaya/Anguttara1/1-ekanipata/013-Ekapuggalavaggo-e.html
tipitaka/2Sutta-Pitaka/4Anguttara-Nikaya/Anguttara1/1-ekanipata/014-Etadaggapali-e.html
tipitaka/2Sutta-Pitaka/4Anguttara-Nikaya/Anguttara1/1-ekanipata/015-Atthanapali-e.html
tipitaka/2Sutta-Pitaka/4Anguttara-Nikaya/Anguttara1/1-ekanipata/016-Ekadhammapali-e.html
tipitaka/2Sutta-Pitaka/4Anguttara-Nikaya/Anguttara1/2-dukanipata/001-Vassupanayikavaggo-e.html
tipitaka/2Sutta-Pitaka/4Anguttara-Nikaya/Anguttara1/2-dukanipata/002-Adhikaranavaggo-e.html
tipitaka/2Sutta-Pitaka/4Anguttara-Nikaya/Anguttara1/2-dukanipata/003-Balavaggo-e.html
tipitaka/2Sutta-Pitaka/4Anguttara-Nikaya/Anguttara1/2-dukanipata/004-Samacittavaggo-e.html
tipitaka/2Sutta-Pitaka/4Anguttara-Nikaya/Anguttara1/2-dukanipata/005-Parisavaggo-e.html
tipitaka/2Sutta-Pitaka/4Anguttara-Nikaya/Anguttara1/2-dukanipata/006-Puggalavaggo-e.html
tipitaka/2Sutta-Pitaka/4Anguttara-Nikaya/Anguttara1/2-dukanipata/007-Sukhavaggo-e.html
tipitaka/2Sutta-Pitaka/4Anguttara-Nikaya/Anguttara1/2-dukanipata/008-Sanimittavaggo-e.html
tipitaka/2Sutta-Pitaka/4Anguttara-Nikaya/Anguttara1/2-dukanipata/009-Dhammavaggo-e.html
tipitaka/2Sutta-Pitaka/4Anguttara-Nikaya/Anguttara1/2-dukanipata/010-Balavaggo-e.html
tipitaka/2Sutta-Pitaka/4Anguttara-Nikaya/Anguttara1/2-dukanipata/011-Asavaggo-e.html
tipitaka/2Sutta-Pitaka/4Anguttara-Nikaya/Anguttara1/2-dukanipata/012-Ayacanavaggo-e.html
tipitaka/2Sutta-Pitaka/4Anguttara-Nikaya/Anguttara1/2-dukanipata/013-Danavaggo-e.html
tipitaka/2Sutta-Pitaka/4Anguttara-Nikaya/Anguttara1/2-dukanipata/014-Santharavaggo-e.html
tipitaka/2Sutta-Pitaka/4Anguttara-Nikaya/Anguttara1/2-dukanipata/015-Samapattivaggo-e.html
tipitaka/2Sutta-Pitaka/4Anguttara-Nikaya/Anguttara1/2-dukanipata/016-Kodhavaggo-e.html
tipitaka/2Sutta-Pitaka/4Anguttara-Nikaya/Anguttara1/2-dukanipata/017-Sattarasamovaggo-e.html
tipitaka/2Sutta-Pitaka/4Anguttara-Nikaya/Anguttara1/3-tikanipata/001-balavaggo-e.html
tipitaka/2Sutta-Pitaka/4Anguttara-Nikaya/Anguttara1/3-tikanipata/002-rathakaravaggo-e.html
tipitaka/2Sutta-Pitaka/4Anguttara-Nikaya/Anguttara1/3-tikanipata/003-puggalavaggo-e.html
tipitaka/2Sutta-Pitaka/4Anguttara-Nikaya/Anguttara1/3-tikanipata/004-devadutavaggo-e.html
tipitaka/2Sutta-Pitaka/4Anguttara-Nikaya/Anguttara1/3-tikanipata/005-culavaggo-e.html
tipitaka/2Sutta-Pitaka/4Anguttara-Nikaya/Anguttara1/3-tikanipata/006-brahmanavaggo-e.html
tipitaka/2Sutta-Pitaka/4Anguttara-Nikaya/Anguttara1/3-tikanipata/007-mahavaggo-e.html
tipitaka/2Sutta-Pitaka/4Anguttara-Nikaya/Anguttara1/3-tikanipata/008-anandavaggo-e.html
tipitaka/2Sutta-Pitaka/4Anguttara-Nikaya/Anguttara1/3-tikanipata/009-samanavaggo-e.html
tipitaka/2Sutta-Pitaka/4Anguttara-Nikaya/Anguttara1/3-tikanipata/010-lonaphalavaggo-e.html
tipitaka/2Sutta-Pitaka/4Anguttara-Nikaya/Anguttara1/3-tikanipata/011-sambodhivaggo-e.html
tipitaka/2Sutta-Pitaka/4Anguttara-Nikaya/Anguttara1/3-tikanipata/012-apayikavaggo-e.html
tipitaka/2Sutta-Pitaka/4Anguttara-Nikaya/Anguttara1/3-tikanipata/013-bharanduvaggo-e.html
tipitaka/2Sutta-Pitaka/4Anguttara-Nikaya/Anguttara1/3-tikanipata/014-yodhajivavaggo-e.html
tipitaka/2Sutta-Pitaka/4Anguttara-Nikaya/Anguttara1/3-tikanipata/015-mangalavaggo-e.html
tipitaka/2Sutta-Pitaka/4Anguttara-Nikaya/Anguttara1/3-tikanipata/016-patipadavaggo-e.html
tipitaka/2Sutta-Pitaka/4Anguttara-Nikaya/Anguttara1/3-tikanipata/017-kammapathapeyyalam-e.html
tipitaka/2Sutta-Pitaka/4Anguttara-Nikaya/Anguttara1/3-tikanipata/018-Ragapeyyalam-e.html
tipitaka/2Sutta-Pitaka/4Anguttara-Nikaya/Anguttara2/4-catukkanipata/001-bhandagamavaggo-e.html
tipitaka/2Sutta-Pitaka/4Anguttara-Nikaya/Anguttara2/4-catukkanipata/002-caravaggo-e.html
tipitaka/2Sutta-Pitaka/4Anguttara-Nikaya/Anguttara2/4-catukkanipata/003-uruvelavaggo-e.html
tipitaka/2Sutta-Pitaka/4Anguttara-Nikaya/Anguttara2/4-catukkanipata/004-cakkavaggo-e.html
tipitaka/2Sutta-Pitaka/4Anguttara-Nikaya/Anguttara2/4-catukkanipata/005-rohitassavaggo-e.html
tipitaka/2Sutta-Pitaka/4Anguttara-Nikaya/Anguttara2/4-catukkanipata/006-punnabhisandavaggo-e.html
tipitaka/2Sutta-Pitaka/4Anguttara-Nikaya/Anguttara2/4-catukkanipata/007-pattakammavaggo-e.html
tipitaka/2Sutta-Pitaka/4Anguttara-Nikaya/Anguttara2/4-catukkanipata/008-apannakavaggo-e.html
tipitaka/2Sutta-Pitaka/4Anguttara-Nikaya/Anguttara2/4-catukkanipata/009-macalavaggo-e.html
tipitaka/2Sutta-Pitaka/4Anguttara-Nikaya/Anguttara2/4-catukkanipata/010-asuravaggo-e.html
tipitaka/2Sutta-Pitaka/4Anguttara-Nikaya/Anguttara2/4-catukkanipata/011-valahakavaggo-e.html
tipitaka/2Sutta-Pitaka/4Anguttara-Nikaya/Anguttara2/4-catukkanipata/012-kesivaggo-e.html
tipitaka/2Sutta-Pitaka/4Anguttara-Nikaya/Anguttara2/4-catukkanipata/013-bhayavaggo-e.html
tipitaka/2Sutta-Pitaka/4Anguttara-Nikaya/Anguttara2/4-catukkanipata/014-puggalavaggo-e.html
tipitaka/2Sutta-Pitaka/4Anguttara-Nikaya/Anguttara2/4-catukkanipata/015-abhavaggo-e.html
tipitaka/2Sutta-Pitaka/4Anguttara-Nikaya/Anguttara2/4-catukkanipata/016-indriyavaggo-e.html
tipitaka/2Sutta-Pitaka/4Anguttara-Nikaya/Anguttara2/4-catukkanipata/017-patipadavaggo-e.html
tipitaka/2Sutta-Pitaka/4Anguttara-Nikaya/Anguttara2/4-catukkanipata/018-sacetaniyavaggo-e.html
tipitaka/2Sutta-Pitaka/4Anguttara-Nikaya/Anguttara2/4-catukkanipata/019-brahmanavaggo-e.html
tipitaka/2Sutta-Pitaka/4Anguttara-Nikaya/Anguttara2/4-catukkanipata/020-mahavaggo-e.html
tipitaka/2Sutta-Pitaka/4Anguttara-Nikaya/Anguttara2/4-catukkanipata/021-sappurisavaggo-e.html
tipitaka/2Sutta-Pitaka/4Anguttara-Nikaya/Anguttara2/4-catukkanipata/022-parisasobhanavaggo-e.html
tipitaka/2Sutta-Pitaka/4Anguttara-Nikaya/Anguttara2/4-catukkanipata/023-sucaritavaggo-e.html
tipitaka/2Sutta-Pitaka/4Anguttara-Nikaya/Anguttara2/4-catukkanipata/024-kammavaggo-e.html
tipitaka/2Sutta-Pitaka/4Anguttara-Nikaya/Anguttara2/4-catukkanipata/025-apattibhayavaggo-e.html
tipitaka/2Sutta-Pitaka/4Anguttara-Nikaya/Anguttara2/4-catukkanipata/026-abhinnavaggo-e.html
tipitaka/2Sutta-Pitaka/4Anguttara-Nikaya/Anguttara2/4-catukkanipata/027-kammapathavaggo-e.html
tipitaka/2Sutta-Pitaka/4Anguttara-Nikaya/Anguttara2/4-catukkanipata/028-ragadipeyyalam-e.html
tipitaka/2Sutta-Pitaka/4Anguttara-Nikaya/Anguttara3/5-pancakanipata/001-sekhabalavaggo-e.html
tipitaka/2Sutta-Pitaka/4Anguttara-Nikaya/Anguttara3/5-pancakanipata/002-balavaggo-e.html
tipitaka/2Sutta-Pitaka/4Anguttara-Nikaya/Anguttara3/5-pancakanipata/003-pancangikavaggo-e.html
tipitaka/2Sutta-Pitaka/4Anguttara-Nikaya/Anguttara3/5-pancakanipata/004-sumanavaggo-e.html
tipitaka/2Sutta-Pitaka/4Anguttara-Nikaya/Anguttara3/5-pancakanipata/005-mundarajavaggo-e.html
tipitaka/2Sutta-Pitaka/4Anguttara-Nikaya/Anguttara3/5-pancakanipata/006-nivaranavaggo-e.html
tipitaka/2Sutta-Pitaka/4Anguttara-Nikaya/Anguttara3/5-pancakanipata/007-sannavaggo-e.html
tipitaka/2Sutta-Pitaka/4Anguttara-Nikaya/Anguttara3/5-pancakanipata/008-anagatabhayavaggo-e.html
tipitaka/2Sutta-Pitaka/4Anguttara-Nikaya/Anguttara3/5-pancakanipata/009-theravaggo-e.html
tipitaka/2Sutta-Pitaka/4Anguttara-Nikaya/Anguttara3/5-pancakanipata/010-kakudhavaggo-e.html
tipitaka/2Sutta-Pitaka/4Anguttara-Nikaya/Anguttara3/5-pancakanipata/011-phasuviharavaggo-e.html
tipitaka/2Sutta-Pitaka/4Anguttara-Nikaya/Anguttara3/5-pancakanipata/012-andhakavindavaggo-e.html
tipitaka/2Sutta-Pitaka/4Anguttara-Nikaya/Anguttara3/5-pancakanipata/013-gilanavaggo-e.html
tipitaka/2Sutta-Pitaka/4Anguttara-Nikaya/Anguttara3/5-pancakanipata/014-rajavaggo-e.html
tipitaka/2Sutta-Pitaka/4Anguttara-Nikaya/Anguttara3/5-pancakanipata/015-tikandakivaggo-e.html
tipitaka/2Sutta-Pitaka/4Anguttara-Nikaya/Anguttara3/5-pancakanipata/016-saddhammavaggo-e.html
tipitaka/2Sutta-Pitaka/4Anguttara-Nikaya/Anguttara3/5-pancakanipata/017-aghatavaggo-e.html
tipitaka/2Sutta-Pitaka/4Anguttara-Nikaya/Anguttara3/5-pancakanipata/018-upasakavaggo-e.html
tipitaka/2Sutta-Pitaka/4Anguttara-Nikaya/Anguttara3/5-pancakanipata/019-arannakavaggo-e.html
tipitaka/2Sutta-Pitaka/4Anguttara-Nikaya/Anguttara3/5-pancakanipata/020-sonavaggo-e.html
tipitaka/2Sutta-Pitaka/4Anguttara-Nikaya/Anguttara3/5-pancakanipata/021-kimbilavaggo-e.html
tipitaka/2Sutta-Pitaka/4Anguttara-Nikaya/Anguttara3/5-pancakanipata/022-akkosakavaggo-e.html
tipitaka/2Sutta-Pitaka/4Anguttara-Nikaya/Anguttara3/5-pancakanipata/023-dighacarikavaggo-e.html
tipitaka/2Sutta-Pitaka/4Anguttara-Nikaya/Anguttara3/5-pancakanipata/024-avasikavaggo-e.html
tipitaka/2Sutta-Pitaka/4Anguttara-Nikaya/Anguttara3/5-pancakanipata/025-duccaritavaggo-e.html
tipitaka/2Sutta-Pitaka/4Anguttara-Nikaya/Anguttara3/5-pancakanipata/026-upasampadavaggo-e.html
tipitaka/2Sutta-Pitaka/4Anguttara-Nikaya/Anguttara4/6-chakkanipata/001-ahuneyyavaggo-e.html
tipitaka/2Sutta-Pitaka/4Anguttara-Nikaya/Anguttara4/6-chakkanipata/002-saraniyavaggo-e.html
tipitaka/2Sutta-Pitaka/4Anguttara-Nikaya/Anguttara4/6-chakkanipata/003-anuttariyavaggo-e.html
tipitaka/2Sutta-Pitaka/4Anguttara-Nikaya/Anguttara4/6-chakkanipata/004-devatavaggo-e.html
tipitaka/2Sutta-Pitaka/4Anguttara-Nikaya/Anguttara4/6-chakkanipata/005-dhammikavaggo-e.html
tipitaka/2Sutta-Pitaka/4Anguttara-Nikaya/Anguttara4/6-chakkanipata/006-mahavaggo-e.html
tipitaka/2Sutta-Pitaka/4Anguttara-Nikaya/Anguttara4/6-chakkanipata/007-anagamivaggo-e.html
tipitaka/2Sutta-Pitaka/4Anguttara-Nikaya/Anguttara4/6-chakkanipata/008-arahattavaggo-e.html
tipitaka/2Sutta-Pitaka/4Anguttara-Nikaya/Anguttara4/6-chakkanipata/009-sitivaggo-e.html
tipitaka/2Sutta-Pitaka/4Anguttara-Nikaya/Anguttara4/6-chakkanipata/010-anisamsavaggo-e.html
tipitaka/2Sutta-Pitaka/4Anguttara-Nikaya/Anguttara4/6-chakkanipata/011-tikavaggo-e.html
tipitaka/2Sutta-Pitaka/4Anguttara-Nikaya/Anguttara4/6-chakkanipata/012-samannavaggo-e.html
tipitaka/2Sutta-Pitaka/4Anguttara-Nikaya/Anguttara4/7-sattakanipata/001-dhanavaggo-e.html
tipitaka/2Sutta-Pitaka/4Anguttara-Nikaya/Anguttara4/7-sattakanipata/002-anusayavaggo-e.html
tipitaka/2Sutta-Pitaka/4Anguttara-Nikaya/Anguttara4/7-sattakanipata/003-vajjisattakavaggo-e.html
tipitaka/2Sutta-Pitaka/4Anguttara-Nikaya/Anguttara4/7-sattakanipata/004-devatavaggo-e.html
tipitaka/2Sutta-Pitaka/4Anguttara-Nikaya/Anguttara4/7-sattakanipata/005-mahayannavaggo-e.html
tipitaka/2Sutta-Pitaka/4Anguttara-Nikaya/Anguttara4/7-sattakanipata/006-abyakatavaggo-e.html
tipitaka/2Sutta-Pitaka/4Anguttara-Nikaya/Anguttara4/7-sattakanipata/007-mahavaggo-e.html
tipitaka/2Sutta-Pitaka/4Anguttara-Nikaya/Anguttara4/7-sattakanipata/008-vinayavaggo-e.html
tipitaka/2Sutta-Pitaka/4Anguttara-Nikaya/Anguttara4/7-sattakanipata/009-samanavaggo-e.html
tipitaka/2Sutta-Pitaka/4Anguttara-Nikaya/Anguttara4/7-sattakanipata/010-ahuneyyavaggo-e.html
tipitaka/2Sutta-Pitaka/4Anguttara-Nikaya/Anguttara5/8-atthakanipata/001-mettavaggo-e.html
tipitaka/2Sutta-Pitaka/4Anguttara-Nikaya/Anguttara5/8-atthakanipata/002-mahavaggo-e.html
tipitaka/2Sutta-Pitaka/4Anguttara-Nikaya/Anguttara5/8-atthakanipata/003-gahapativaggo-e.html
tipitaka/2Sutta-Pitaka/4Anguttara-Nikaya/Anguttara5/8-atthakanipata/004-danavaggo-e.html
tipitaka/2Sutta-Pitaka/4Anguttara-Nikaya/Anguttara5/8-atthakanipata/005-uposathavaggo-e.html
tipitaka/2Sutta-Pitaka/4Anguttara-Nikaya/Anguttara5/8-atthakanipata/006-gotamivaggo-e.html
tipitaka/2Sutta-Pitaka/4Anguttara-Nikaya/Anguttara5/8-atthakanipata/007-capalavaggo-e.html
tipitaka/2Sutta-Pitaka/4Anguttara-Nikaya/Anguttara5/8-atthakanipata/008-yamakavaggo-e.html
tipitaka/2Sutta-Pitaka/4Anguttara-Nikaya/Anguttara5/8-atthakanipata/009-sativaggo-e.html
tipitaka/2Sutta-Pitaka/4Anguttara-Nikaya/Anguttara5/8-atthakanipata/010-samannavaggo-e.html
tipitaka/2Sutta-Pitaka/4Anguttara-Nikaya/Anguttara5/8-atthakanipata/011-ragadipeyyalam-e.html
tipitaka/2Sutta-Pitaka/4Anguttara-Nikaya/Anguttara6/09-navakanipata/001-sambodhivaggo-e.html
tipitaka/2Sutta-Pitaka/4Anguttara-Nikaya/Anguttara6/09-navakanipata/002-sihanadavaggo-e.html
tipitaka/2Sutta-Pitaka/4Anguttara-Nikaya/Anguttara6/09-navakanipata/003-sattavasavaggo-e.html
tipitaka/2Sutta-Pitaka/4Anguttara-Nikaya/Anguttara6/09-navakanipata/004-mahavaggo-e.html
tipitaka/2Sutta-Pitaka/4Anguttara-Nikaya/Anguttara6/09-navakanipata/005-samannavaggo-e.html
tipitaka/2Sutta-Pitaka/4Anguttara-Nikaya/Anguttara6/09-navakanipata/006-khemavaggo-e.html
tipitaka/2Sutta-Pitaka/4Anguttara-Nikaya/Anguttara6/09-navakanipata/007-satipatthanavaggo-e.html
tipitaka/2Sutta-Pitaka/4Anguttara-Nikaya/Anguttara6/09-navakanipata/008-sammappadhanavaggo-e.html
tipitaka/2Sutta-Pitaka/4Anguttara-Nikaya/Anguttara6/09-navakanipata/009-iddhipadavaggo-e.html
tipitaka/2Sutta-Pitaka/4Anguttara-Nikaya/Anguttara6/09-navakanipata/010-ragadipeyyalam-e.html
tipitaka/2Sutta-Pitaka/4Anguttara-Nikaya/Anguttara6/10-dasakanipata/001-anisamsavaggo-e.html
tipitaka/2Sutta-Pitaka/4Anguttara-Nikaya/Anguttara6/10-dasakanipata/002-nathavaggo-e.html
tipitaka/2Sutta-Pitaka/4Anguttara-Nikaya/Anguttara6/10-dasakanipata/003-mahavaggo-e.html
tipitaka/2Sutta-Pitaka/4Anguttara-Nikaya/Anguttara6/10-dasakanipata/004-upalivaggo-e.html
tipitaka/2Sutta-Pitaka/4Anguttara-Nikaya/Anguttara6/10-dasakanipata/005-akkosavaggo-e.html
tipitaka/2Sutta-Pitaka/4Anguttara-Nikaya/Anguttara6/10-dasakanipata/006-sacittavaggo-e.html
tipitaka/2Sutta-Pitaka/4Anguttara-Nikaya/Anguttara6/10-dasakanipata/007-yamakavaggo-e.html
tipitaka/2Sutta-Pitaka/4Anguttara-Nikaya/Anguttara6/10-dasakanipata/008-akankhavaggo-e.html
tipitaka/2Sutta-Pitaka/4Anguttara-Nikaya/Anguttara6/10-dasakanipata/009-theravaggo-e.html
tipitaka/2Sutta-Pitaka/4Anguttara-Nikaya/Anguttara6/10-dasakanipata/010-upalivaggo-e.html
tipitaka/2Sutta-Pitaka/4Anguttara-Nikaya/Anguttara6/10-dasakanipata/011-samanasannavaggo-e.html
tipitaka/2Sutta-Pitaka/4Anguttara-Nikaya/Anguttara6/10-dasakanipata/012-paccorohanivaggo-e.html
tipitaka/2Sutta-Pitaka/4Anguttara-Nikaya/Anguttara6/10-dasakanipata/013-parisuddhavaggo-e.html
tipitaka/2Sutta-Pitaka/4Anguttara-Nikaya/Anguttara6/10-dasakanipata/014-sadhuvaggo-e.html
tipitaka/2Sutta-Pitaka/4Anguttara-Nikaya/Anguttara6/10-dasakanipata/015-ariyavaggo-e.html
tipitaka/2Sutta-Pitaka/4Anguttara-Nikaya/Anguttara6/10-dasakanipata/016-puggalavaggo-e.html
tipitaka/2Sutta-Pitaka/4Anguttara-Nikaya/Anguttara6/10-dasakanipata/017-janussonivaggo-e.html
tipitaka/2Sutta-Pitaka/4Anguttara-Nikaya/Anguttara6/10-dasakanipata/018-sadhuvaggo-e.html
tipitaka/2Sutta-Pitaka/4Anguttara-Nikaya/Anguttara6/10-dasakanipata/019-ariyamaggavaggo-e.html
tipitaka/2Sutta-Pitaka/4Anguttara-Nikaya/Anguttara6/10-dasakanipata/020-aparapuggalavaggo-e.html
tipitaka/2Sutta-Pitaka/4Anguttara-Nikaya/Anguttara6/10-dasakanipata/021-karajakayavaggo-e.html
tipitaka/2Sutta-Pitaka/4Anguttara-Nikaya/Anguttara6/10-dasakanipata/022-samannavaggo-e.html
tipitaka/2Sutta-Pitaka/4Anguttara-Nikaya/Anguttara6/10-dasakanipata/023-ragadipeyyalam-e.html
tipitaka/2Sutta-Pitaka/4Anguttara-Nikaya/Anguttara6/11-ekadasakanipata/001-nissayavaggo-e.html
tipitaka/2Sutta-Pitaka/4Anguttara-Nikaya/Anguttara6/11-ekadasakanipata/002-anussativaggo-e.html
tipitaka/2Sutta-Pitaka/4Anguttara-Nikaya/Anguttara6/11-ekadasakanipata/003-samannavaggo-e.html
tipitaka/2Sutta-Pitaka/4Anguttara-Nikaya/Anguttara6/11-ekadasakanipata/004-ragadipeyyalo-e.html