tipitaka/2Sutta-Pitaka/4Anguttara-Nikaya/Anguttara1/1-ekanipata/001-Cittapariyadanavaggo-p.html
tipitaka/2Sutta-Pitaka/4Anguttara-Nikaya/Anguttara1/1-ekanipata/002-Nivaranappahanavaggo-p.html
tipitaka/2Sutta-Pitaka/4Anguttara-Nikaya/Anguttara1/1-ekanipata/003-Akammaniyavaggo-p.html
tipitaka/2Sutta-Pitaka/4Anguttara-Nikaya/Anguttara1/1-ekanipata/004-Adantavaggo-p.html
tipitaka/2Sutta-Pitaka/4Anguttara-Nikaya/Anguttara1/1-ekanipata/005-Sukavaggo-p.html
tipitaka/2Sutta-Pitaka/4Anguttara-Nikaya/Anguttara1/1-ekanipata/006-Pabhassaravaggo-p.html
tipitaka/2Sutta-Pitaka/4Anguttara-Nikaya/Anguttara1/1-ekanipata/007-Viriyarambhavaggo-p.html
tipitaka/2Sutta-Pitaka/4Anguttara-Nikaya/Anguttara1/1-ekanipata/008-Kalyanamittavaggo-p.html
tipitaka/2Sutta-Pitaka/4Anguttara-Nikaya/Anguttara1/1-ekanipata/009-Pamadavaggo-p.html
tipitaka/2Sutta-Pitaka/4Anguttara-Nikaya/Anguttara1/1-ekanipata/010-Ajjhattikavaggo-p.html
tipitaka/2Sutta-Pitaka/4Anguttara-Nikaya/Anguttara1/1-ekanipata/011-Adhammavaggo-p.html
tipitaka/2Sutta-Pitaka/4Anguttara-Nikaya/Anguttara1/1-ekanipata/012-Anapattivaggo-p.html
tipitaka/2Sutta-Pitaka/4Anguttara-Nikaya/Anguttara1/1-ekanipata/013-Ekapuggalavaggo-p.html
tipitaka/2Sutta-Pitaka/4Anguttara-Nikaya/Anguttara1/1-ekanipata/014-Etadaggapali-p.html
tipitaka/2Sutta-Pitaka/4Anguttara-Nikaya/Anguttara1/1-ekanipata/015-Atthanapali-p.html
tipitaka/2Sutta-Pitaka/4Anguttara-Nikaya/Anguttara1/1-ekanipata/016-Ekadhammapali-p.html
tipitaka/2Sutta-Pitaka/4Anguttara-Nikaya/Anguttara1/2-dukanipata/001-Vassupanayikavaggo-p.html
tipitaka/2Sutta-Pitaka/4Anguttara-Nikaya/Anguttara1/2-dukanipata/002-Adhikaranavaggo-p.html
tipitaka/2Sutta-Pitaka/4Anguttara-Nikaya/Anguttara1/2-dukanipata/003-Balavaggo-p.html
tipitaka/2Sutta-Pitaka/4Anguttara-Nikaya/Anguttara1/2-dukanipata/004-Samacittavaggo-p.html
tipitaka/2Sutta-Pitaka/4Anguttara-Nikaya/Anguttara1/2-dukanipata/005-Parisavaggo-p.html
tipitaka/2Sutta-Pitaka/4Anguttara-Nikaya/Anguttara1/2-dukanipata/006-Puggalavaggo-p.html
tipitaka/2Sutta-Pitaka/4Anguttara-Nikaya/Anguttara1/2-dukanipata/007-Sukhavaggo-p.html
tipitaka/2Sutta-Pitaka/4Anguttara-Nikaya/Anguttara1/2-dukanipata/008-Sanimittavaggo-p.html
tipitaka/2Sutta-Pitaka/4Anguttara-Nikaya/Anguttara1/2-dukanipata/009-Dhammavaggo-p.html
tipitaka/2Sutta-Pitaka/4Anguttara-Nikaya/Anguttara1/2-dukanipata/010-Balavaggo-p.html
tipitaka/2Sutta-Pitaka/4Anguttara-Nikaya/Anguttara1/2-dukanipata/011-Asavaggo-p.html
tipitaka/2Sutta-Pitaka/4Anguttara-Nikaya/Anguttara1/2-dukanipata/012-Ayacanavaggo-p.html
tipitaka/2Sutta-Pitaka/4Anguttara-Nikaya/Anguttara1/2-dukanipata/013-Danavaggo-p.html
tipitaka/2Sutta-Pitaka/4Anguttara-Nikaya/Anguttara1/2-dukanipata/014-Santharavaggo-p.html
tipitaka/2Sutta-Pitaka/4Anguttara-Nikaya/Anguttara1/2-dukanipata/015-Samapattivaggo-p.html
tipitaka/2Sutta-Pitaka/4Anguttara-Nikaya/Anguttara1/2-dukanipata/016-Kodhavaggo-p.html
tipitaka/2Sutta-Pitaka/4Anguttara-Nikaya/Anguttara1/2-dukanipata/017-Sattarasamovaggo-p.html
tipitaka/2Sutta-Pitaka/4Anguttara-Nikaya/Anguttara1/3-tikanipata/001-balavaggo-p.html
tipitaka/2Sutta-Pitaka/4Anguttara-Nikaya/Anguttara1/3-tikanipata/002-rathakaravaggo-p.html
tipitaka/2Sutta-Pitaka/4Anguttara-Nikaya/Anguttara1/3-tikanipata/003-puggalavaggo-p.html
tipitaka/2Sutta-Pitaka/4Anguttara-Nikaya/Anguttara1/3-tikanipata/004-devadutavaggo-p.html
tipitaka/2Sutta-Pitaka/4Anguttara-Nikaya/Anguttara1/3-tikanipata/005-culavaggo-p.html
tipitaka/2Sutta-Pitaka/4Anguttara-Nikaya/Anguttara1/3-tikanipata/006-brahmanavaggo-p.html
tipitaka/2Sutta-Pitaka/4Anguttara-Nikaya/Anguttara1/3-tikanipata/007-mahavaggo-p.html
tipitaka/2Sutta-Pitaka/4Anguttara-Nikaya/Anguttara1/3-tikanipata/008-anandavaggo-p.html
tipitaka/2Sutta-Pitaka/4Anguttara-Nikaya/Anguttara1/3-tikanipata/009-samanavaggo-p.html
tipitaka/2Sutta-Pitaka/4Anguttara-Nikaya/Anguttara1/3-tikanipata/010-lonaphalavaggo-p.html
tipitaka/2Sutta-Pitaka/4Anguttara-Nikaya/Anguttara1/3-tikanipata/011-sambodhivaggo-p.html
tipitaka/2Sutta-Pitaka/4Anguttara-Nikaya/Anguttara1/3-tikanipata/012-apayikavaggo-p.html
tipitaka/2Sutta-Pitaka/4Anguttara-Nikaya/Anguttara1/3-tikanipata/013-bharanduvaggo-p.html
tipitaka/2Sutta-Pitaka/4Anguttara-Nikaya/Anguttara1/3-tikanipata/014-yodhajivavaggo-p.html
tipitaka/2Sutta-Pitaka/4Anguttara-Nikaya/Anguttara1/3-tikanipata/015-mangalavaggo-p.html
tipitaka/2Sutta-Pitaka/4Anguttara-Nikaya/Anguttara1/3-tikanipata/016-patipadavaggo-p.html
tipitaka/2Sutta-Pitaka/4Anguttara-Nikaya/Anguttara1/3-tikanipata/017-kammapathapeyyalam-p.html
tipitaka/2Sutta-Pitaka/4Anguttara-Nikaya/Anguttara1/3-tikanipata/018-Ragapeyyalam-p.html
tipitaka/2Sutta-Pitaka/4Anguttara-Nikaya/Anguttara2/4-catukkanipata/001-bhandagamavaggo-p.html
tipitaka/2Sutta-Pitaka/4Anguttara-Nikaya/Anguttara2/4-catukkanipata/002-caravaggo-p.html
tipitaka/2Sutta-Pitaka/4Anguttara-Nikaya/Anguttara2/4-catukkanipata/003-uruvelavaggo-p.html
tipitaka/2Sutta-Pitaka/4Anguttara-Nikaya/Anguttara2/4-catukkanipata/004-cakkavaggo-p.html
tipitaka/2Sutta-Pitaka/4Anguttara-Nikaya/Anguttara2/4-catukkanipata/005-rohitassavaggo-p.html
tipitaka/2Sutta-Pitaka/4Anguttara-Nikaya/Anguttara2/4-catukkanipata/006-punnabhisandavaggo-p.html
tipitaka/2Sutta-Pitaka/4Anguttara-Nikaya/Anguttara2/4-catukkanipata/007-pattakammavaggo-p.html
tipitaka/2Sutta-Pitaka/4Anguttara-Nikaya/Anguttara2/4-catukkanipata/008-apannakavaggo-p.html
tipitaka/2Sutta-Pitaka/4Anguttara-Nikaya/Anguttara2/4-catukkanipata/009-macalavaggo-p.html
tipitaka/2Sutta-Pitaka/4Anguttara-Nikaya/Anguttara2/4-catukkanipata/010-asuravaggo-p.html
tipitaka/2Sutta-Pitaka/4Anguttara-Nikaya/Anguttara2/4-catukkanipata/011-valahakavaggo-p.html
tipitaka/2Sutta-Pitaka/4Anguttara-Nikaya/Anguttara2/4-catukkanipata/012-kesivaggo-p.html
tipitaka/2Sutta-Pitaka/4Anguttara-Nikaya/Anguttara2/4-catukkanipata/013-bhayavaggo-p.html
tipitaka/2Sutta-Pitaka/4Anguttara-Nikaya/Anguttara2/4-catukkanipata/014-puggalavaggo-p.html
tipitaka/2Sutta-Pitaka/4Anguttara-Nikaya/Anguttara2/4-catukkanipata/015-abhavaggo-p.html
tipitaka/2Sutta-Pitaka/4Anguttara-Nikaya/Anguttara2/4-catukkanipata/016-indriyavaggo-p.html
tipitaka/2Sutta-Pitaka/4Anguttara-Nikaya/Anguttara2/4-catukkanipata/017-patipadavaggo-p.html
tipitaka/2Sutta-Pitaka/4Anguttara-Nikaya/Anguttara2/4-catukkanipata/018-sacetaniyavaggo-p.html
tipitaka/2Sutta-Pitaka/4Anguttara-Nikaya/Anguttara2/4-catukkanipata/019-brahmanavaggo-p.html
tipitaka/2Sutta-Pitaka/4Anguttara-Nikaya/Anguttara2/4-catukkanipata/020-mahavaggo-p.html
tipitaka/2Sutta-Pitaka/4Anguttara-Nikaya/Anguttara2/4-catukkanipata/021-sappurisavaggo-p.html
tipitaka/2Sutta-Pitaka/4Anguttara-Nikaya/Anguttara2/4-catukkanipata/022-parisasobhanavaggo-p.html
tipitaka/2Sutta-Pitaka/4Anguttara-Nikaya/Anguttara2/4-catukkanipata/023-sucaritavaggo-p.html
tipitaka/2Sutta-Pitaka/4Anguttara-Nikaya/Anguttara2/4-catukkanipata/024-kammavaggo-p.html
tipitaka/2Sutta-Pitaka/4Anguttara-Nikaya/Anguttara2/4-catukkanipata/025-apattibhayavaggo-p.html
tipitaka/2Sutta-Pitaka/4Anguttara-Nikaya/Anguttara2/4-catukkanipata/026-abhinnavaggo-p.html
tipitaka/2Sutta-Pitaka/4Anguttara-Nikaya/Anguttara2/4-catukkanipata/027-kammapathavaggo-p.html
tipitaka/2Sutta-Pitaka/4Anguttara-Nikaya/Anguttara2/4-catukkanipata/028-ragadipeyyalam-p.html
tipitaka/2Sutta-Pitaka/4Anguttara-Nikaya/Anguttara3/5-pancakanipata/001-sekhabalavaggo-p.html
tipitaka/2Sutta-Pitaka/4Anguttara-Nikaya/Anguttara3/5-pancakanipata/002-balavaggo-p.html
tipitaka/2Sutta-Pitaka/4Anguttara-Nikaya/Anguttara3/5-pancakanipata/003-pancangikavaggo-p.html
tipitaka/2Sutta-Pitaka/4Anguttara-Nikaya/Anguttara3/5-pancakanipata/004-sumanavaggo-p.html
tipitaka/2Sutta-Pitaka/4Anguttara-Nikaya/Anguttara3/5-pancakanipata/005-mundarajavaggo-p.html
tipitaka/2Sutta-Pitaka/4Anguttara-Nikaya/Anguttara3/5-pancakanipata/006-nivaranavaggo-p.html
tipitaka/2Sutta-Pitaka/4Anguttara-Nikaya/Anguttara3/5-pancakanipata/007-sannavaggo-p.html
tipitaka/2Sutta-Pitaka/4Anguttara-Nikaya/Anguttara3/5-pancakanipata/008-anagatabhayavaggo-p.html
tipitaka/2Sutta-Pitaka/4Anguttara-Nikaya/Anguttara3/5-pancakanipata/009-theravaggo-p.html
tipitaka/2Sutta-Pitaka/4Anguttara-Nikaya/Anguttara3/5-pancakanipata/010-kakudhavaggo-p.html
tipitaka/2Sutta-Pitaka/4Anguttara-Nikaya/Anguttara3/5-pancakanipata/011-phasuviharavaggo-p.html
tipitaka/2Sutta-Pitaka/4Anguttara-Nikaya/Anguttara3/5-pancakanipata/012-andhakavindavaggo-p.html
tipitaka/2Sutta-Pitaka/4Anguttara-Nikaya/Anguttara3/5-pancakanipata/013-gilanavaggo-p.html
tipitaka/2Sutta-Pitaka/4Anguttara-Nikaya/Anguttara3/5-pancakanipata/014-rajavaggo-p.html
tipitaka/2Sutta-Pitaka/4Anguttara-Nikaya/Anguttara3/5-pancakanipata/015-tikandakivaggo-p.html
tipitaka/2Sutta-Pitaka/4Anguttara-Nikaya/Anguttara3/5-pancakanipata/016-saddhammavaggo-p.html
tipitaka/2Sutta-Pitaka/4Anguttara-Nikaya/Anguttara3/5-pancakanipata/017-aghatavaggo-p.html
tipitaka/2Sutta-Pitaka/4Anguttara-Nikaya/Anguttara3/5-pancakanipata/018-upasakavaggo-p.html
tipitaka/2Sutta-Pitaka/4Anguttara-Nikaya/Anguttara3/5-pancakanipata/019-arannakavaggo-p.html
tipitaka/2Sutta-Pitaka/4Anguttara-Nikaya/Anguttara3/5-pancakanipata/020-sonavaggo-p.html
tipitaka/2Sutta-Pitaka/4Anguttara-Nikaya/Anguttara3/5-pancakanipata/021-kimbilavaggo-p.html
tipitaka/2Sutta-Pitaka/4Anguttara-Nikaya/Anguttara3/5-pancakanipata/022-akkosakavaggo-p.html
tipitaka/2Sutta-Pitaka/4Anguttara-Nikaya/Anguttara3/5-pancakanipata/023-dighacarikavaggo-p.html
tipitaka/2Sutta-Pitaka/4Anguttara-Nikaya/Anguttara3/5-pancakanipata/024-avasikavaggo-p.html
tipitaka/2Sutta-Pitaka/4Anguttara-Nikaya/Anguttara3/5-pancakanipata/025-duccaritavaggo-p.html
tipitaka/2Sutta-Pitaka/4Anguttara-Nikaya/Anguttara3/5-pancakanipata/026-upasampadavaggo-p.html
tipitaka/2Sutta-Pitaka/4Anguttara-Nikaya/Anguttara4/6-chakkanipata/001-ahuneyyavaggo-p.html
tipitaka/2Sutta-Pitaka/4Anguttara-Nikaya/Anguttara4/6-chakkanipata/002-saraniyavaggo-p.html
tipitaka/2Sutta-Pitaka/4Anguttara-Nikaya/Anguttara4/6-chakkanipata/003-anuttariyavaggo-p.html
tipitaka/2Sutta-Pitaka/4Anguttara-Nikaya/Anguttara4/6-chakkanipata/004-devatavaggo-p.html
tipitaka/2Sutta-Pitaka/4Anguttara-Nikaya/Anguttara4/6-chakkanipata/005-dhammikavaggo-p.html
tipitaka/2Sutta-Pitaka/4Anguttara-Nikaya/Anguttara4/6-chakkanipata/006-mahavaggo-p.html
tipitaka/2Sutta-Pitaka/4Anguttara-Nikaya/Anguttara4/6-chakkanipata/007-anagamivaggo-p.html
tipitaka/2Sutta-Pitaka/4Anguttara-Nikaya/Anguttara4/6-chakkanipata/008-arahattavaggo-p.html
tipitaka/2Sutta-Pitaka/4Anguttara-Nikaya/Anguttara4/6-chakkanipata/009-sitivaggo-p.html
tipitaka/2Sutta-Pitaka/4Anguttara-Nikaya/Anguttara4/6-chakkanipata/010-anisamsavaggo-p.html
tipitaka/2Sutta-Pitaka/4Anguttara-Nikaya/Anguttara4/6-chakkanipata/011-tikavaggo-p.html
tipitaka/2Sutta-Pitaka/4Anguttara-Nikaya/Anguttara4/6-chakkanipata/012-samannavaggo-p.html
tipitaka/2Sutta-Pitaka/4Anguttara-Nikaya/Anguttara4/7-sattakanipata/001-dhanavaggo-p.html
tipitaka/2Sutta-Pitaka/4Anguttara-Nikaya/Anguttara4/7-sattakanipata/002-anusayavaggo-p.html
tipitaka/2Sutta-Pitaka/4Anguttara-Nikaya/Anguttara4/7-sattakanipata/003-vajjisattakavaggo-p.html
tipitaka/2Sutta-Pitaka/4Anguttara-Nikaya/Anguttara4/7-sattakanipata/004-devatavaggo-p.html
tipitaka/2Sutta-Pitaka/4Anguttara-Nikaya/Anguttara4/7-sattakanipata/005-mahayannavaggo-p.html
tipitaka/2Sutta-Pitaka/4Anguttara-Nikaya/Anguttara4/7-sattakanipata/006-abyakatavaggo-p.html
tipitaka/2Sutta-Pitaka/4Anguttara-Nikaya/Anguttara4/7-sattakanipata/007-mahavaggo-p.html
tipitaka/2Sutta-Pitaka/4Anguttara-Nikaya/Anguttara4/7-sattakanipata/008-vinayavaggo-p.html
tipitaka/2Sutta-Pitaka/4Anguttara-Nikaya/Anguttara4/7-sattakanipata/009-samanavaggo-p.html
tipitaka/2Sutta-Pitaka/4Anguttara-Nikaya/Anguttara4/7-sattakanipata/010-ahuneyyavaggo-p.html
tipitaka/2Sutta-Pitaka/4Anguttara-Nikaya/Anguttara5/8-atthakanipata/001-mettavaggo-p.html
tipitaka/2Sutta-Pitaka/4Anguttara-Nikaya/Anguttara5/8-atthakanipata/002-mahavaggo-p.html
tipitaka/2Sutta-Pitaka/4Anguttara-Nikaya/Anguttara5/8-atthakanipata/003-gahapativaggo-p.html
tipitaka/2Sutta-Pitaka/4Anguttara-Nikaya/Anguttara5/8-atthakanipata/004-danavaggo-p.html
tipitaka/2Sutta-Pitaka/4Anguttara-Nikaya/Anguttara5/8-atthakanipata/005-uposathavaggo-p.html
tipitaka/2Sutta-Pitaka/4Anguttara-Nikaya/Anguttara5/8-atthakanipata/006-gotamivaggo-p.html
tipitaka/2Sutta-Pitaka/4Anguttara-Nikaya/Anguttara5/8-atthakanipata/007-capalavaggo-p.html
tipitaka/2Sutta-Pitaka/4Anguttara-Nikaya/Anguttara5/8-atthakanipata/008-yamakavaggo-p.html
tipitaka/2Sutta-Pitaka/4Anguttara-Nikaya/Anguttara5/8-atthakanipata/009-sativaggo-p.html
tipitaka/2Sutta-Pitaka/4Anguttara-Nikaya/Anguttara5/8-atthakanipata/010-samannavaggo-p.html
tipitaka/2Sutta-Pitaka/4Anguttara-Nikaya/Anguttara5/8-atthakanipata/011-ragadipeyyalam-p.html
tipitaka/2Sutta-Pitaka/4Anguttara-Nikaya/Anguttara6/09-navakanipata/001-sambodhivaggo-p.html
tipitaka/2Sutta-Pitaka/4Anguttara-Nikaya/Anguttara6/09-navakanipata/002-sihanadavaggo-p.html
tipitaka/2Sutta-Pitaka/4Anguttara-Nikaya/Anguttara6/09-navakanipata/003-sattavasavaggo-p.html
tipitaka/2Sutta-Pitaka/4Anguttara-Nikaya/Anguttara6/09-navakanipata/004-mahavaggo-p.html
tipitaka/2Sutta-Pitaka/4Anguttara-Nikaya/Anguttara6/09-navakanipata/005-samannavaggo-p.html
tipitaka/2Sutta-Pitaka/4Anguttara-Nikaya/Anguttara6/09-navakanipata/006-khemavaggo-p.html
tipitaka/2Sutta-Pitaka/4Anguttara-Nikaya/Anguttara6/09-navakanipata/007-satipatthanavaggo-p.html
tipitaka/2Sutta-Pitaka/4Anguttara-Nikaya/Anguttara6/09-navakanipata/008-sammappadhanavaggo-p.html
tipitaka/2Sutta-Pitaka/4Anguttara-Nikaya/Anguttara6/09-navakanipata/009-iddhipadavaggo-p.html
tipitaka/2Sutta-Pitaka/4Anguttara-Nikaya/Anguttara6/09-navakanipata/010-ragadipeyyalam-p.html
tipitaka/2Sutta-Pitaka/4Anguttara-Nikaya/Anguttara6/10-dasakanipata/001-anisamsavaggo-p.html
tipitaka/2Sutta-Pitaka/4Anguttara-Nikaya/Anguttara6/10-dasakanipata/002-nathavaggo-p.html
tipitaka/2Sutta-Pitaka/4Anguttara-Nikaya/Anguttara6/10-dasakanipata/003-mahavaggo-p.html
tipitaka/2Sutta-Pitaka/4Anguttara-Nikaya/Anguttara6/10-dasakanipata/004-upalivaggo-p.html
tipitaka/2Sutta-Pitaka/4Anguttara-Nikaya/Anguttara6/10-dasakanipata/005-akkosavaggo-p.html
tipitaka/2Sutta-Pitaka/4Anguttara-Nikaya/Anguttara6/10-dasakanipata/006-sacittavaggo-p.html
tipitaka/2Sutta-Pitaka/4Anguttara-Nikaya/Anguttara6/10-dasakanipata/007-yamakavaggo-p.html
tipitaka/2Sutta-Pitaka/4Anguttara-Nikaya/Anguttara6/10-dasakanipata/008-akankhavaggo-p.html
tipitaka/2Sutta-Pitaka/4Anguttara-Nikaya/Anguttara6/10-dasakanipata/009-theravaggo-p.html
tipitaka/2Sutta-Pitaka/4Anguttara-Nikaya/Anguttara6/10-dasakanipata/010-upalivaggo-p.html
tipitaka/2Sutta-Pitaka/4Anguttara-Nikaya/Anguttara6/10-dasakanipata/011-samanasannavaggo-p.html
tipitaka/2Sutta-Pitaka/4Anguttara-Nikaya/Anguttara6/10-dasakanipata/012-paccorohanivaggo-p.html
tipitaka/2Sutta-Pitaka/4Anguttara-Nikaya/Anguttara6/10-dasakanipata/013-parisuddhavaggo-p.html
tipitaka/2Sutta-Pitaka/4Anguttara-Nikaya/Anguttara6/10-dasakanipata/014-sadhuvaggo-p.html
tipitaka/2Sutta-Pitaka/4Anguttara-Nikaya/Anguttara6/10-dasakanipata/015-ariyavaggo-p.html
tipitaka/2Sutta-Pitaka/4Anguttara-Nikaya/Anguttara6/10-dasakanipata/016-puggalavaggo-p.html
tipitaka/2Sutta-Pitaka/4Anguttara-Nikaya/Anguttara6/10-dasakanipata/017-janussonivaggo-p.html
tipitaka/2Sutta-Pitaka/4Anguttara-Nikaya/Anguttara6/10-dasakanipata/018-sadhuvaggo-p.html
tipitaka/2Sutta-Pitaka/4Anguttara-Nikaya/Anguttara6/10-dasakanipata/019-ariyamaggavaggo-p.html
tipitaka/2Sutta-Pitaka/4Anguttara-Nikaya/Anguttara6/10-dasakanipata/020-aparapuggalavaggo-p.html
tipitaka/2Sutta-Pitaka/4Anguttara-Nikaya/Anguttara6/10-dasakanipata/021-karajakayavaggo-p.html
tipitaka/2Sutta-Pitaka/4Anguttara-Nikaya/Anguttara6/10-dasakanipata/022-samannavaggo-p.html
tipitaka/2Sutta-Pitaka/4Anguttara-Nikaya/Anguttara6/10-dasakanipata/023-ragadipeyyalam-p.html
tipitaka/2Sutta-Pitaka/4Anguttara-Nikaya/Anguttara6/11-ekadasakanipata/001-nissayavaggo-p.html
tipitaka/2Sutta-Pitaka/4Anguttara-Nikaya/Anguttara6/11-ekadasakanipata/002-anussativaggo-p.html
tipitaka/2Sutta-Pitaka/4Anguttara-Nikaya/Anguttara6/11-ekadasakanipata/003-samannavaggo-p.html
tipitaka/2Sutta-Pitaka/4Anguttara-Nikaya/Anguttara6/11-ekadasakanipata/004-ragadipeyyalo-p.html
