tipitaka/2Sutta-Pitaka/1Digha-Nikaya/Digha1/01-brahmajala-p.html
tipitaka/2Sutta-Pitaka/1Digha-Nikaya/Digha1/02samannaphala-p.html
tipitaka/2Sutta-Pitaka/1Digha-Nikaya/Digha1/03-ambattha-p.html
tipitaka/2Sutta-Pitaka/1Digha-Nikaya/Digha1/04-sonadanda-p.html
tipitaka/2Sutta-Pitaka/1Digha-Nikaya/Digha1/05-kutadanta-p.html
tipitaka/2Sutta-Pitaka/1Digha-Nikaya/Digha1/06-mahali-p.html
tipitaka/2Sutta-Pitaka/1Digha-Nikaya/Digha1/07-jaliya-p.html
tipitaka/2Sutta-Pitaka/1Digha-Nikaya/Digha1/08-kassapasihanada-p.html
tipitaka/2Sutta-Pitaka/1Digha-Nikaya/Digha1/09-potthapada-p.html
tipitaka/2Sutta-Pitaka/1Digha-Nikaya/Digha1/10-subha-p.html
tipitaka/2Sutta-Pitaka/1Digha-Nikaya/Digha1/11-kevaddha-p.html
tipitaka/2Sutta-Pitaka/1Digha-Nikaya/Digha1/12-lohicca-p.html
tipitaka/2Sutta-Pitaka/1Digha-Nikaya/Digha1/13-tevijja-p.html
tipitaka/2Sutta-Pitaka/1Digha-Nikaya/Digha2/14-mahapadana-p.html
tipitaka/2Sutta-Pitaka/1Digha-Nikaya/Digha2/15-mahanidana-p.html
tipitaka/2Sutta-Pitaka/1Digha-Nikaya/Digha2/16-mahaparinibbana-p.html
tipitaka/2Sutta-Pitaka/1Digha-Nikaya/Digha2/17-mahasudassana-p.html
tipitaka/2Sutta-Pitaka/1Digha-Nikaya/Digha2/18-janavasabha-p.html
tipitaka/2Sutta-Pitaka/1Digha-Nikaya/Digha2/19-mahagovinda-p.html
tipitaka/2Sutta-Pitaka/1Digha-Nikaya/Digha2/20-mahasamaya-p.html
tipitaka/2Sutta-Pitaka/1Digha-Nikaya/Digha2/21-sakkapanha-p.html
tipitaka/2Sutta-Pitaka/1Digha-Nikaya/Digha2/22-mahasatipatthana-p.html
tipitaka/2Sutta-Pitaka/1Digha-Nikaya/Digha2/23-payasi-p.html
tipitaka/2Sutta-Pitaka/1Digha-Nikaya/Digha3/24-pathika-p.html
tipitaka/2Sutta-Pitaka/1Digha-Nikaya/Digha3/25-udumbarika-sihanada-p.html
tipitaka/2Sutta-Pitaka/1Digha-Nikaya/Digha3/26-cakkavatti-sihanada-p.html
tipitaka/2Sutta-Pitaka/1Digha-Nikaya/Digha3/27-agganna-p.html
tipitaka/2Sutta-Pitaka/1Digha-Nikaya/Digha3/28-sampasadaniya-p.html
tipitaka/2Sutta-Pitaka/1Digha-Nikaya/Digha3/29-pasadika-p.html
tipitaka/2Sutta-Pitaka/1Digha-Nikaya/Digha3/30-lakkhana-p.html
tipitaka/2Sutta-Pitaka/1Digha-Nikaya/Digha3/31-sigala-p.html
tipitaka/2Sutta-Pitaka/1Digha-Nikaya/Digha3/32-atanatiya-p.html
tipitaka/2Sutta-Pitaka/1Digha-Nikaya/Digha3/33-sangiti-p.html
tipitaka/2Sutta-Pitaka/1Digha-Nikaya/Digha3/34-dasuttara-p.html