tipitaka/2Sutta-Pitaka/5Khuddaka-Nikaya/02Dhammapada/00-Preface-e2.html
tipitaka/2Sutta-Pitaka/5Khuddaka-Nikaya/02Dhammapada/01-Yamakavaggo-e2.html
tipitaka/2Sutta-Pitaka/5Khuddaka-Nikaya/02Dhammapada/02-Appamadavaggo-e2.html
tipitaka/2Sutta-Pitaka/5Khuddaka-Nikaya/02Dhammapada/03-Cittavaggo-e2.html
tipitaka/2Sutta-Pitaka/5Khuddaka-Nikaya/02Dhammapada/04-Pupphavaggo-e2.html
tipitaka/2Sutta-Pitaka/5Khuddaka-Nikaya/02Dhammapada/05-Balavaggo-e2.html
tipitaka/2Sutta-Pitaka/5Khuddaka-Nikaya/02Dhammapada/06-Panditavaggo-e2.html
tipitaka/2Sutta-Pitaka/5Khuddaka-Nikaya/02Dhammapada/07-Arahantavaggo-e2.html
tipitaka/2Sutta-Pitaka/5Khuddaka-Nikaya/02Dhammapada/08-Sahassavaggo-e2.html
tipitaka/2Sutta-Pitaka/5Khuddaka-Nikaya/02Dhammapada/09-Papavaggo-e2.html
tipitaka/2Sutta-Pitaka/5Khuddaka-Nikaya/02Dhammapada/10-Dandavaggo-e2.html
tipitaka/2Sutta-Pitaka/5Khuddaka-Nikaya/02Dhammapada/11-Jaravaggo-e2.html
tipitaka/2Sutta-Pitaka/5Khuddaka-Nikaya/02Dhammapada/12-Attavaggo-e2.html
tipitaka/2Sutta-Pitaka/5Khuddaka-Nikaya/02Dhammapada/13-Lokavaggo-e2.html
tipitaka/2Sutta-Pitaka/5Khuddaka-Nikaya/02Dhammapada/14-Buddhavaggo-e2.html
tipitaka/2Sutta-Pitaka/5Khuddaka-Nikaya/02Dhammapada/15-Sukhavaggo-e2.html
tipitaka/2Sutta-Pitaka/5Khuddaka-Nikaya/02Dhammapada/16-Piyavaggo-e2.html
tipitaka/2Sutta-Pitaka/5Khuddaka-Nikaya/02Dhammapada/17-Kodhavaggo-e2.html
tipitaka/2Sutta-Pitaka/5Khuddaka-Nikaya/02Dhammapada/18-Malavaggo-e2.html
tipitaka/2Sutta-Pitaka/5Khuddaka-Nikaya/02Dhammapada/19-Dhammatthavaggo-e2.html
tipitaka/2Sutta-Pitaka/5Khuddaka-Nikaya/02Dhammapada/20-Maggavaggo-e2.html
tipitaka/2Sutta-Pitaka/5Khuddaka-Nikaya/02Dhammapada/21-Pakinnakavaggo-e2.html
tipitaka/2Sutta-Pitaka/5Khuddaka-Nikaya/02Dhammapada/22-Nirayavaggo-e2.html
tipitaka/2Sutta-Pitaka/5Khuddaka-Nikaya/02Dhammapada/23-Nagavaggo-e2.html
tipitaka/2Sutta-Pitaka/5Khuddaka-Nikaya/02Dhammapada/24-Tanhavaggo-e2.html
tipitaka/2Sutta-Pitaka/5Khuddaka-Nikaya/02Dhammapada/25-Bhikkhuvaggo-e2.html
tipitaka/2Sutta-Pitaka/5Khuddaka-Nikaya/02Dhammapada/26-Brahmanavaggo-e2.html