tipitaka/2Sutta-Pitaka/2Majjhima-Nikaya/Majjhima3/102-pancattaya-e.html
tipitaka/2Sutta-Pitaka/2Majjhima-Nikaya/Majjhima3/103-kinti-e.html
tipitaka/2Sutta-Pitaka/2Majjhima-Nikaya/Majjhima3/104-samagama-e.html
tipitaka/2Sutta-Pitaka/2Majjhima-Nikaya/Majjhima3/105-sunakkhatta-e.html
tipitaka/2Sutta-Pitaka/2Majjhima-Nikaya/Majjhima3/106-ananjasappaya-e.html
tipitaka/2Sutta-Pitaka/2Majjhima-Nikaya/Majjhima3/107-ganakamoggallana-e.html
tipitaka/2Sutta-Pitaka/2Majjhima-Nikaya/Majjhima3/108-gopakamoggallana-e.html
tipitaka/2Sutta-Pitaka/2Majjhima-Nikaya/Majjhima3/109-mahapunnama-e.html
tipitaka/2Sutta-Pitaka/2Majjhima-Nikaya/Majjhima3/110-culapunnama-e.html
tipitaka/2Sutta-Pitaka/2Majjhima-Nikaya/Majjhima3/111-anupada-e.html
tipitaka/2Sutta-Pitaka/2Majjhima-Nikaya/Majjhima3/112-chabbisodhana-e.html
tipitaka/2Sutta-Pitaka/2Majjhima-Nikaya/Majjhima3/113-sappurisa-e.html
tipitaka/2Sutta-Pitaka/2Majjhima-Nikaya/Majjhima3/114-sevitabba-asevitabba-e.html
tipitaka/2Sutta-Pitaka/2Majjhima-Nikaya/Majjhima3/115-bahudhatuka-e.html
tipitaka/2Sutta-Pitaka/2Majjhima-Nikaya/Majjhima3/116-isigili-e.html
tipitaka/2Sutta-Pitaka/2Majjhima-Nikaya/Majjhima3/117-mahacattarisaka-e.html
tipitaka/2Sutta-Pitaka/2Majjhima-Nikaya/Majjhima3/118-anappanasati-e.html
tipitaka/2Sutta-Pitaka/2Majjhima-Nikaya/Majjhima3/119-kayagatasati-e.html
tipitaka/2Sutta-Pitaka/2Majjhima-Nikaya/Majjhima3/120-sankharuppatti-e.html
tipitaka/2Sutta-Pitaka/2Majjhima-Nikaya/Majjhima3/121-culasunnata-e.html
tipitaka/2Sutta-Pitaka/2Majjhima-Nikaya/Majjhima3/122-mahasunnata-e.html
tipitaka/2Sutta-Pitaka/2Majjhima-Nikaya/Majjhima3/123-acchariyabbhutta-e.html
tipitaka/2Sutta-Pitaka/2Majjhima-Nikaya/Majjhima3/124-bakkula-e.html
tipitaka/2Sutta-Pitaka/2Majjhima-Nikaya/Majjhima3/125-dantabhumi-e.html
tipitaka/2Sutta-Pitaka/2Majjhima-Nikaya/Majjhima3/126-bhumija-e.html
tipitaka/2Sutta-Pitaka/2Majjhima-Nikaya/Majjhima3/127-anuruddha-e.html
tipitaka/2Sutta-Pitaka/2Majjhima-Nikaya/Majjhima3/128-upakkilesa-e.html
tipitaka/2Sutta-Pitaka/2Majjhima-Nikaya/Majjhima3/129-balapandita-e.html
tipitaka/2Sutta-Pitaka/2Majjhima-Nikaya/Majjhima3/130-devaduta-e.html
tipitaka/2Sutta-Pitaka/2Majjhima-Nikaya/Majjhima3/131-baddekaratta-e.html
tipitaka/2Sutta-Pitaka/2Majjhima-Nikaya/Majjhima3/132-ananda-bhaddekaratta-e.html
tipitaka/2Sutta-Pitaka/2Majjhima-Nikaya/Majjhima3/133-mahakaccana-bhaddekaratta-e.html
tipitaka/2Sutta-Pitaka/2Majjhima-Nikaya/Majjhima3/134-lomasakangiya-bhaddekaratta-e.html
tipitaka/2Sutta-Pitaka/2Majjhima-Nikaya/Majjhima3/135-culakammavibhanga-e.html
tipitaka/2Sutta-Pitaka/2Majjhima-Nikaya/Majjhima3/136-mahakammavibhanga-e.html
tipitaka/2Sutta-Pitaka/2Majjhima-Nikaya/Majjhima3/137-salayatanavibhanga-e.html
tipitaka/2Sutta-Pitaka/2Majjhima-Nikaya/Majjhima3/138-uddesavibhanga-e.html
tipitaka/2Sutta-Pitaka/2Majjhima-Nikaya/Majjhima3/139-aranavibhanga-e.html
tipitaka/2Sutta-Pitaka/2Majjhima-Nikaya/Majjhima3/140-dhatuvibhanga-e.html
tipitaka/2Sutta-Pitaka/2Majjhima-Nikaya/Majjhima3/141-saccavibhanga-e.html
tipitaka/2Sutta-Pitaka/2Majjhima-Nikaya/Majjhima3/142-dakkinavibhanga-e.html
tipitaka/2Sutta-Pitaka/2Majjhima-Nikaya/Majjhima3/143-anathapindikovada-e.html
tipitaka/2Sutta-Pitaka/2Majjhima-Nikaya/Majjhima3/144-channovada-e.html
tipitaka/2Sutta-Pitaka/2Majjhima-Nikaya/Majjhima3/145-punnovada-e.html
tipitaka/2Sutta-Pitaka/2Majjhima-Nikaya/Majjhima3/146-nandakovada-e.html
tipitaka/2Sutta-Pitaka/2Majjhima-Nikaya/Majjhima3/147-cularahulovada-e.html
tipitaka/2Sutta-Pitaka/2Majjhima-Nikaya/Majjhima3/148-chachakka-e.html
tipitaka/2Sutta-Pitaka/2Majjhima-Nikaya/Majjhima3/149-mahasalayatanika-e.html
tipitaka/2Sutta-Pitaka/2Majjhima-Nikaya/Majjhima3/150-nagaravindeyya-e.html
tipitaka/2Sutta-Pitaka/2Majjhima-Nikaya/Majjhima3/151-pindapataparisuddhi-e.html
tipitaka/2Sutta-Pitaka/2Majjhima-Nikaya/Majjhima3/152-indriyabhavana-e.html