tipitaka/2Sutta-Pitaka/2Majjhima-Nikaya/Majjhima1/001-mulapariyaya-sutta-e2.html
tipitaka/2Sutta-Pitaka/2Majjhima-Nikaya/Majjhima1/002-sabbasava-sutta-e2.html
tipitaka/2Sutta-Pitaka/2Majjhima-Nikaya/Majjhima1/004-bhayabera-sutta-e2.html
tipitaka/2Sutta-Pitaka/2Majjhima-Nikaya/Majjhima1/007-vatthupama-sutta-e2.html
tipitaka/2Sutta-Pitaka/2Majjhima-Nikaya/Majjhima1/008-salleka-sutta-e2.html
tipitaka/2Sutta-Pitaka/2Majjhima-Nikaya/Majjhima1/009-sammaditthi-sutta-e2.html
tipitaka/2Sutta-Pitaka/2Majjhima-Nikaya/Majjhima1/010-satipatthanai-sutta-e2.html
tipitaka/2Sutta-Pitaka/2Majjhima-Nikaya/Majjhima1/011-culasihanada-sutta-e2.html
tipitaka/2Sutta-Pitaka/2Majjhima-Nikaya/Majjhima1/012-mahasihanada-sutta-e2.html
tipitaka/2Sutta-Pitaka/2Majjhima-Nikaya/Majjhima1/013-mahadukkhakkhanda-sutta-e2.html
tipitaka/2Sutta-Pitaka/2Majjhima-Nikaya/Majjhima1/018-madhupindika-sutta-e2.html
tipitaka/2Sutta-Pitaka/2Majjhima-Nikaya/Majjhima1/019-dvedhavitakka-sutta-e2.html
tipitaka/2Sutta-Pitaka/2Majjhima-Nikaya/Majjhima1/020-vitakkasanthana-sutta-e2.html
tipitaka/2Sutta-Pitaka/2Majjhima-Nikaya/Majjhima1/021-kakacupama-sutta-e2.html
tipitaka/2Sutta-Pitaka/2Majjhima-Nikaya/Majjhima1/024-rathavinita-sutta-e2.html
tipitaka/2Sutta-Pitaka/2Majjhima-Nikaya/Majjhima1/036-mahasaccaka-sutta-e2.html
tipitaka/2Sutta-Pitaka/2Majjhima-Nikaya/Majjhima1/041-saleyyaka-sutta-e2.html
tipitaka/2Sutta-Pitaka/2Majjhima-Nikaya/Majjhima1/044-culavedalla-sutta-e2.html
tipitaka/2Sutta-Pitaka/2Majjhima-Nikaya/Majjhima1/045-culadhammasamadana-sutta-e2.html
tipitaka/2Sutta-Pitaka/2Majjhima-Nikaya/Majjhima2/057-kukkuravatiya-e2.html
tipitaka/2Sutta-Pitaka/2Majjhima-Nikaya/Majjhima2/058-abhayarajakumara-e2.html
tipitaka/2Sutta-Pitaka/2Majjhima-Nikaya/Majjhima2/061-ambalatthika-rahulovada-e2.html
tipitaka/2Sutta-Pitaka/2Majjhima-Nikaya/Majjhima2/063-cula-malunkhyaputta-e2.html
tipitaka/2Sutta-Pitaka/2Majjhima-Nikaya/Majjhima2/072-aggi-vacchagotta-e2.html
tipitaka/2Sutta-Pitaka/2Majjhima-Nikaya/Majjhima2/075-magandiya-e2.html
tipitaka/2Sutta-Pitaka/2Majjhima-Nikaya/Majjhima2/082-ratthapala-e2.html
tipitaka/2Sutta-Pitaka/2Majjhima-Nikaya/Majjhima2/087-piyajatika-e2.html
tipitaka/2Sutta-Pitaka/2Majjhima-Nikaya/Majjhima2/095-canki-e2.html
tipitaka/2Sutta-Pitaka/2Majjhima-Nikaya/Majjhima3/105-sunakkhatta-e2.html
tipitaka/2Sutta-Pitaka/2Majjhima-Nikaya/Majjhima3/107-ganakamoggallana-e2.html
tipitaka/2Sutta-Pitaka/2Majjhima-Nikaya/Majjhima3/108-gopakamoggallana-e2.html
tipitaka/2Sutta-Pitaka/2Majjhima-Nikaya/Majjhima3/110-culapunnama-e2.html
tipitaka/2Sutta-Pitaka/2Majjhima-Nikaya/Majjhima3/117-mahacattarisaka-e2.html
tipitaka/2Sutta-Pitaka/2Majjhima-Nikaya/Majjhima3/118-anappanasati-e2.html
tipitaka/2Sutta-Pitaka/2Majjhima-Nikaya/Majjhima3/119-kayagatasati-e2.html
tipitaka/2Sutta-Pitaka/2Majjhima-Nikaya/Majjhima3/121-culasunnata-e2.html
tipitaka/2Sutta-Pitaka/2Majjhima-Nikaya/Majjhima3/125-dantabhumi-e2.html
tipitaka/2Sutta-Pitaka/2Majjhima-Nikaya/Majjhima3/126-bhumija-e2.html
tipitaka/2Sutta-Pitaka/2Majjhima-Nikaya/Majjhima3/131-baddekaratta-e2.html
tipitaka/2Sutta-Pitaka/2Majjhima-Nikaya/Majjhima3/135-culakammavibhanga-e2.html
tipitaka/2Sutta-Pitaka/2Majjhima-Nikaya/Majjhima3/136-mahakammavibhanga-e2.html
tipitaka/2Sutta-Pitaka/2Majjhima-Nikaya/Majjhima3/138-uddesavibhanga-e2.html
tipitaka/2Sutta-Pitaka/2Majjhima-Nikaya/Majjhima3/140-dhatuvibhanga-e2.html
tipitaka/2Sutta-Pitaka/2Majjhima-Nikaya/Majjhima3/148-chachakka-e2.html
tipitaka/2Sutta-Pitaka/2Majjhima-Nikaya/Majjhima3/149-mahasalayatanika-e2.html
tipitaka/2Sutta-Pitaka/2Majjhima-Nikaya/Majjhima3/152-indriyabhavana-e2.html