tipitaka/2Sutta-Pitaka/2Majjhima-Nikaya/Majjhima1/001-mulapariyaya-sutta-e1.html
tipitaka/2Sutta-Pitaka/2Majjhima-Nikaya/Majjhima1/002-sabbasava-sutta-e1.html
tipitaka/2Sutta-Pitaka/2Majjhima-Nikaya/Majjhima1/003-dhammadayada-sutta-e1.html
tipitaka/2Sutta-Pitaka/2Majjhima-Nikaya/Majjhima1/004-bhayabera-sutta-e1.html
tipitaka/2Sutta-Pitaka/2Majjhima-Nikaya/Majjhima1/005-anangana-sutta-e1.html
tipitaka/2Sutta-Pitaka/2Majjhima-Nikaya/Majjhima1/006-akankheyya-sutta-e1.html
tipitaka/2Sutta-Pitaka/2Majjhima-Nikaya/Majjhima1/007-vatthupama-sutta-e1.html
tipitaka/2Sutta-Pitaka/2Majjhima-Nikaya/Majjhima1/008-salleka-sutta-e1.html
tipitaka/2Sutta-Pitaka/2Majjhima-Nikaya/Majjhima1/009-sammaditthi-sutta-e1.html
tipitaka/2Sutta-Pitaka/2Majjhima-Nikaya/Majjhima1/010-satipatthanai-sutta-e1.html
tipitaka/2Sutta-Pitaka/2Majjhima-Nikaya/Majjhima1/011-culasihanada-sutta-e1.html
tipitaka/2Sutta-Pitaka/2Majjhima-Nikaya/Majjhima1/012-mahasihanada-sutta-e1.html
tipitaka/2Sutta-Pitaka/2Majjhima-Nikaya/Majjhima1/013-mahadukkhakkhanda-sutta-e1.html
tipitaka/2Sutta-Pitaka/2Majjhima-Nikaya/Majjhima1/014-culadukkhakkhanda-sutta-e1.html
tipitaka/2Sutta-Pitaka/2Majjhima-Nikaya/Majjhima1/015-anumana-sutta-e1.html
tipitaka/2Sutta-Pitaka/2Majjhima-Nikaya/Majjhima1/016-cetokhila-sutta-e1.html
tipitaka/2Sutta-Pitaka/2Majjhima-Nikaya/Majjhima1/017-vanapattha-sutta-e1.html
tipitaka/2Sutta-Pitaka/2Majjhima-Nikaya/Majjhima1/018-madhupindika-sutta-e1.html
tipitaka/2Sutta-Pitaka/2Majjhima-Nikaya/Majjhima1/019-dvedhavitakka-sutta-e1.html
tipitaka/2Sutta-Pitaka/2Majjhima-Nikaya/Majjhima1/020-vitakkasanthana-sutta-e1.html
tipitaka/2Sutta-Pitaka/2Majjhima-Nikaya/Majjhima1/021-kakacupama-sutta-e1.html
tipitaka/2Sutta-Pitaka/2Majjhima-Nikaya/Majjhima1/022-alagagaddupama-sutta-e1.html
tipitaka/2Sutta-Pitaka/2Majjhima-Nikaya/Majjhima1/023-vammika-sutta-e1.html
tipitaka/2Sutta-Pitaka/2Majjhima-Nikaya/Majjhima1/024-rathavinita-sutta-e1.html
tipitaka/2Sutta-Pitaka/2Majjhima-Nikaya/Majjhima1/025-nivapa-sutta-e1.html
tipitaka/2Sutta-Pitaka/2Majjhima-Nikaya/Majjhima1/026-ariyapariyesana-sutta-e1.html
tipitaka/2Sutta-Pitaka/2Majjhima-Nikaya/Majjhima1/027-culahatthipadopama-sutta-e1.html
tipitaka/2Sutta-Pitaka/2Majjhima-Nikaya/Majjhima1/028-mahahatthipadopama-sutta-e1.html
tipitaka/2Sutta-Pitaka/2Majjhima-Nikaya/Majjhima1/029-mahasaropama-sutta-e1.html
tipitaka/2Sutta-Pitaka/2Majjhima-Nikaya/Majjhima1/030-culasaropama-sutta-e1.html
tipitaka/2Sutta-Pitaka/2Majjhima-Nikaya/Majjhima1/031-culagosinga-sutta-e1.html
tipitaka/2Sutta-Pitaka/2Majjhima-Nikaya/Majjhima1/032-mahagosinga-sutta-e1.html
tipitaka/2Sutta-Pitaka/2Majjhima-Nikaya/Majjhima1/033-mahagopalaka-sutta-e1.html
tipitaka/2Sutta-Pitaka/2Majjhima-Nikaya/Majjhima1/034-culagopalaka-sutta-e1.html
tipitaka/2Sutta-Pitaka/2Majjhima-Nikaya/Majjhima1/035-culasaccaka-sutta-e1.html
tipitaka/2Sutta-Pitaka/2Majjhima-Nikaya/Majjhima1/036-mahasaccaka-sutta-e1.html
tipitaka/2Sutta-Pitaka/2Majjhima-Nikaya/Majjhima1/037-culatanhasankhaya-sutta-e1.html
tipitaka/2Sutta-Pitaka/2Majjhima-Nikaya/Majjhima1/038-mahatanhasankhaya-sutta-e1.html
tipitaka/2Sutta-Pitaka/2Majjhima-Nikaya/Majjhima1/039-mahaassapura-sutta-e1.html
tipitaka/2Sutta-Pitaka/2Majjhima-Nikaya/Majjhima1/040-culaassapura-sutta-e1.html
tipitaka/2Sutta-Pitaka/2Majjhima-Nikaya/Majjhima1/041-saleyyaka-sutta-e1.html
tipitaka/2Sutta-Pitaka/2Majjhima-Nikaya/Majjhima1/042-veranjake-sutta-e1.html
tipitaka/2Sutta-Pitaka/2Majjhima-Nikaya/Majjhima1/043-mahavedalla-sutta-e1.html
tipitaka/2Sutta-Pitaka/2Majjhima-Nikaya/Majjhima1/044-culavedalla-sutta-e1.html
tipitaka/2Sutta-Pitaka/2Majjhima-Nikaya/Majjhima1/045-culadhammasamadana-sutta-e1.html
tipitaka/2Sutta-Pitaka/2Majjhima-Nikaya/Majjhima1/046-mahadhammasamadana-sutta-e1.html
tipitaka/2Sutta-Pitaka/2Majjhima-Nikaya/Majjhima1/047-vimamsaka-sutta-e1.html
tipitaka/2Sutta-Pitaka/2Majjhima-Nikaya/Majjhima1/048-kosambiya-sutta-e1.html
tipitaka/2Sutta-Pitaka/2Majjhima-Nikaya/Majjhima1/049-brahmanimantana-sutta-e1.html
tipitaka/2Sutta-Pitaka/2Majjhima-Nikaya/Majjhima1/050-maratajjhaniya-sutta-e1.html
tipitaka/2Sutta-Pitaka/2Majjhima-Nikaya/Majjhima2/051-kandaka-e1.html
tipitaka/2Sutta-Pitaka/2Majjhima-Nikaya/Majjhima2/052-atthakanagara-e1.html
tipitaka/2Sutta-Pitaka/2Majjhima-Nikaya/Majjhima2/053-sekha-e1.html
tipitaka/2Sutta-Pitaka/2Majjhima-Nikaya/Majjhima2/054-potaliya-e1.html
tipitaka/2Sutta-Pitaka/2Majjhima-Nikaya/Majjhima2/055-jivaka-e1.html
tipitaka/2Sutta-Pitaka/2Majjhima-Nikaya/Majjhima2/056-upali-e1.html
tipitaka/2Sutta-Pitaka/2Majjhima-Nikaya/Majjhima2/057-kukkuravatiya-e1.html
tipitaka/2Sutta-Pitaka/2Majjhima-Nikaya/Majjhima2/058-abhayarajakumara-e1.html
tipitaka/2Sutta-Pitaka/2Majjhima-Nikaya/Majjhima2/059-bahuvedaniya-e1.html
tipitaka/2Sutta-Pitaka/2Majjhima-Nikaya/Majjhima2/060-apannaka-e1.html
tipitaka/2Sutta-Pitaka/2Majjhima-Nikaya/Majjhima2/061-ambalatthika-rahulovada-e1.html
tipitaka/2Sutta-Pitaka/2Majjhima-Nikaya/Majjhima2/062-maha-rahulovada-e1.html
tipitaka/2Sutta-Pitaka/2Majjhima-Nikaya/Majjhima2/063-cula-malunkhyaputta-e1.html
tipitaka/2Sutta-Pitaka/2Majjhima-Nikaya/Majjhima2/064-maha-malunkhyaputta-e1.html
tipitaka/2Sutta-Pitaka/2Majjhima-Nikaya/Majjhima2/065-bhaddali-e1.html
tipitaka/2Sutta-Pitaka/2Majjhima-Nikaya/Majjhima2/066-latukikopama-e1.html
tipitaka/2Sutta-Pitaka/2Majjhima-Nikaya/Majjhima2/067-catuma-e1.html
tipitaka/2Sutta-Pitaka/2Majjhima-Nikaya/Majjhima2/068-nalakapana-e1.html
tipitaka/2Sutta-Pitaka/2Majjhima-Nikaya/Majjhima2/069-gulissani-e1.html
tipitaka/2Sutta-Pitaka/2Majjhima-Nikaya/Majjhima2/070-kitagiri-e1.html
tipitaka/2Sutta-Pitaka/2Majjhima-Nikaya/Majjhima2/071-tevijja-vacchagotta-e1.html
tipitaka/2Sutta-Pitaka/2Majjhima-Nikaya/Majjhima2/072-aggi-vacchagotta-e1.html
tipitaka/2Sutta-Pitaka/2Majjhima-Nikaya/Majjhima2/073-maha-vacchagotta-e1.html
tipitaka/2Sutta-Pitaka/2Majjhima-Nikaya/Majjhima2/074-dighanakha-e1.html
tipitaka/2Sutta-Pitaka/2Majjhima-Nikaya/Majjhima2/075-magandiya-e1.html
tipitaka/2Sutta-Pitaka/2Majjhima-Nikaya/Majjhima2/076-sandaka-e1.html
tipitaka/2Sutta-Pitaka/2Majjhima-Nikaya/Majjhima2/077-mahasakuludayi-e1.html
tipitaka/2Sutta-Pitaka/2Majjhima-Nikaya/Majjhima2/078-samanamandika-e1.html
tipitaka/2Sutta-Pitaka/2Majjhima-Nikaya/Majjhima2/079-culasakuludayi-e1.html
tipitaka/2Sutta-Pitaka/2Majjhima-Nikaya/Majjhima2/080-vekhanassa-e1.html
tipitaka/2Sutta-Pitaka/2Majjhima-Nikaya/Majjhima2/081-ghatikara-e1.html
tipitaka/2Sutta-Pitaka/2Majjhima-Nikaya/Majjhima2/082-ratthapala-e1.html
tipitaka/2Sutta-Pitaka/2Majjhima-Nikaya/Majjhima2/083-makhadeva-e1.html
tipitaka/2Sutta-Pitaka/2Majjhima-Nikaya/Majjhima2/084-madhura-e1.html
tipitaka/2Sutta-Pitaka/2Majjhima-Nikaya/Majjhima2/085-bodhirajakumara-e1.html
tipitaka/2Sutta-Pitaka/2Majjhima-Nikaya/Majjhima2/086-angulimala-e1.html
tipitaka/2Sutta-Pitaka/2Majjhima-Nikaya/Majjhima2/087-piyajatika-e1.html
tipitaka/2Sutta-Pitaka/2Majjhima-Nikaya/Majjhima2/088-bahitika-e1.html
tipitaka/2Sutta-Pitaka/2Majjhima-Nikaya/Majjhima2/089-dhammacetiya-e1.html
tipitaka/2Sutta-Pitaka/2Majjhima-Nikaya/Majjhima2/090-kannakatthala-e1.html
tipitaka/2Sutta-Pitaka/2Majjhima-Nikaya/Majjhima2/091-brahmayu-e1.html
tipitaka/2Sutta-Pitaka/2Majjhima-Nikaya/Majjhima2/092-sela-e1.html
tipitaka/2Sutta-Pitaka/2Majjhima-Nikaya/Majjhima2/093-assalayana-e1.html
tipitaka/2Sutta-Pitaka/2Majjhima-Nikaya/Majjhima2/094-ghotamukha-e1.html
tipitaka/2Sutta-Pitaka/2Majjhima-Nikaya/Majjhima2/095-canki-e1.html
tipitaka/2Sutta-Pitaka/2Majjhima-Nikaya/Majjhima2/096-phasukari-e1.html
tipitaka/2Sutta-Pitaka/2Majjhima-Nikaya/Majjhima2/097-dhananjani-e1.html
tipitaka/2Sutta-Pitaka/2Majjhima-Nikaya/Majjhima2/098-vasettha-e1.html
tipitaka/2Sutta-Pitaka/2Majjhima-Nikaya/Majjhima2/099-subha-e1.html
tipitaka/2Sutta-Pitaka/2Majjhima-Nikaya/Majjhima2/100-sangarava-e1.html
tipitaka/2Sutta-Pitaka/2Majjhima-Nikaya/Majjhima3/101-devadaha-e1.html
