tipitaka/2Sutta-Pitaka/2Majjhima-Nikaya/Majjhima1/001-mulapariyaya-p.html
tipitaka/2Sutta-Pitaka/2Majjhima-Nikaya/Majjhima1/002-sabbasava-p.html
tipitaka/2Sutta-Pitaka/2Majjhima-Nikaya/Majjhima1/003-dhammadayada-p.html
tipitaka/2Sutta-Pitaka/2Majjhima-Nikaya/Majjhima1/004-bhayabera-p.html
tipitaka/2Sutta-Pitaka/2Majjhima-Nikaya/Majjhima1/005-anangana-p.html
tipitaka/2Sutta-Pitaka/2Majjhima-Nikaya/Majjhima1/006-akankheyya-p.html
tipitaka/2Sutta-Pitaka/2Majjhima-Nikaya/Majjhima1/007-vatthupama-p.html
tipitaka/2Sutta-Pitaka/2Majjhima-Nikaya/Majjhima1/008-sallekha-p.html
tipitaka/2Sutta-Pitaka/2Majjhima-Nikaya/Majjhima1/009-sammaditthi-p.html
tipitaka/2Sutta-Pitaka/2Majjhima-Nikaya/Majjhima1/010-satipatthana-p.html
tipitaka/2Sutta-Pitaka/2Majjhima-Nikaya/Majjhima1/011-culasihanada-p.html
tipitaka/2Sutta-Pitaka/2Majjhima-Nikaya/Majjhima1/012-mahasihanada-p.html
tipitaka/2Sutta-Pitaka/2Majjhima-Nikaya/Majjhima1/013-mahadukkhakkhandha-p.html
tipitaka/2Sutta-Pitaka/2Majjhima-Nikaya/Majjhima1/014-culadukkhakkhandha-p.html
tipitaka/2Sutta-Pitaka/2Majjhima-Nikaya/Majjhima1/015-anumana-p.html
tipitaka/2Sutta-Pitaka/2Majjhima-Nikaya/Majjhima1/016-cetokhila-p.html
tipitaka/2Sutta-Pitaka/2Majjhima-Nikaya/Majjhima1/017-vanapattha-p.html
tipitaka/2Sutta-Pitaka/2Majjhima-Nikaya/Majjhima1/018-madhupindika-p.html
tipitaka/2Sutta-Pitaka/2Majjhima-Nikaya/Majjhima1/019-dvedhavitakka-p.html
tipitaka/2Sutta-Pitaka/2Majjhima-Nikaya/Majjhima1/020-vitakkasantana-p.html
tipitaka/2Sutta-Pitaka/2Majjhima-Nikaya/Majjhima1/021-kakacupama-p.html
tipitaka/2Sutta-Pitaka/2Majjhima-Nikaya/Majjhima1/022-alagaddupama-p.html
tipitaka/2Sutta-Pitaka/2Majjhima-Nikaya/Majjhima1/023-vammika-p.html
tipitaka/2Sutta-Pitaka/2Majjhima-Nikaya/Majjhima1/024-rathavinita-p.html
tipitaka/2Sutta-Pitaka/2Majjhima-Nikaya/Majjhima1/025-nivapa-p.html
tipitaka/2Sutta-Pitaka/2Majjhima-Nikaya/Majjhima1/026-ariyapariyesana-p.html
tipitaka/2Sutta-Pitaka/2Majjhima-Nikaya/Majjhima1/027-culahatthipadopama-p.html
tipitaka/2Sutta-Pitaka/2Majjhima-Nikaya/Majjhima1/028-mahahatthipadopama-p.html
tipitaka/2Sutta-Pitaka/2Majjhima-Nikaya/Majjhima1/029-mahasaropama-p.html
tipitaka/2Sutta-Pitaka/2Majjhima-Nikaya/Majjhima1/030-culasaropama-p.html
tipitaka/2Sutta-Pitaka/2Majjhima-Nikaya/Majjhima1/031-culagosinga-p.html
tipitaka/2Sutta-Pitaka/2Majjhima-Nikaya/Majjhima1/032-mahagosinga-p.html
tipitaka/2Sutta-Pitaka/2Majjhima-Nikaya/Majjhima1/033-mahagopalaka-p.html
tipitaka/2Sutta-Pitaka/2Majjhima-Nikaya/Majjhima1/034-culagopalaka-p.html
tipitaka/2Sutta-Pitaka/2Majjhima-Nikaya/Majjhima1/035-culasaccaka-p.html
tipitaka/2Sutta-Pitaka/2Majjhima-Nikaya/Majjhima1/036-mahasaccaka-p.html
tipitaka/2Sutta-Pitaka/2Majjhima-Nikaya/Majjhima1/037-culatanhasankhaya-p.html
tipitaka/2Sutta-Pitaka/2Majjhima-Nikaya/Majjhima1/038-mahatanhasankhaya-p.html
tipitaka/2Sutta-Pitaka/2Majjhima-Nikaya/Majjhima1/039-maha-assapura-p.html
tipitaka/2Sutta-Pitaka/2Majjhima-Nikaya/Majjhima1/040-cula-assapura-p.html
tipitaka/2Sutta-Pitaka/2Majjhima-Nikaya/Majjhima1/041-saleyyaka-p.html
tipitaka/2Sutta-Pitaka/2Majjhima-Nikaya/Majjhima1/042-veranjaka-p.html
tipitaka/2Sutta-Pitaka/2Majjhima-Nikaya/Majjhima1/043-mahavedalla-p.html
tipitaka/2Sutta-Pitaka/2Majjhima-Nikaya/Majjhima1/044-culavedalla-p.html
tipitaka/2Sutta-Pitaka/2Majjhima-Nikaya/Majjhima1/045-culadhammasamadana-p.html
tipitaka/2Sutta-Pitaka/2Majjhima-Nikaya/Majjhima1/046-mahadhammasamadana-p.html
tipitaka/2Sutta-Pitaka/2Majjhima-Nikaya/Majjhima1/047-vimamsaka-p.html
tipitaka/2Sutta-Pitaka/2Majjhima-Nikaya/Majjhima1/048-kosambiya-p.html
tipitaka/2Sutta-Pitaka/2Majjhima-Nikaya/Majjhima1/049-brahmanimantanika-p.html
tipitaka/2Sutta-Pitaka/2Majjhima-Nikaya/Majjhima1/050-maratajjaniya-p.html
tipitaka/2Sutta-Pitaka/2Majjhima-Nikaya/Majjhima2/051-kandaka-p.html
tipitaka/2Sutta-Pitaka/2Majjhima-Nikaya/Majjhima2/052-atthakanagara-p.html
tipitaka/2Sutta-Pitaka/2Majjhima-Nikaya/Majjhima2/053-sekha-p.html
tipitaka/2Sutta-Pitaka/2Majjhima-Nikaya/Majjhima2/054-potaliya-p.html
tipitaka/2Sutta-Pitaka/2Majjhima-Nikaya/Majjhima2/055-jivaka-p.html
tipitaka/2Sutta-Pitaka/2Majjhima-Nikaya/Majjhima2/056-upali-p.html
tipitaka/2Sutta-Pitaka/2Majjhima-Nikaya/Majjhima2/057-kukkuravatiya-p.html
tipitaka/2Sutta-Pitaka/2Majjhima-Nikaya/Majjhima2/058-abhayarajakumara-p.html
tipitaka/2Sutta-Pitaka/2Majjhima-Nikaya/Majjhima2/059-bahuvedaniya-p.html
tipitaka/2Sutta-Pitaka/2Majjhima-Nikaya/Majjhima2/060-apannaka-p.html
tipitaka/2Sutta-Pitaka/2Majjhima-Nikaya/Majjhima2/061-ambalatthika-rahulovada-p.html
tipitaka/2Sutta-Pitaka/2Majjhima-Nikaya/Majjhima2/062-maha-rahulovada-p.html
tipitaka/2Sutta-Pitaka/2Majjhima-Nikaya/Majjhima2/063-cula-malunkhyaputta-p.html
tipitaka/2Sutta-Pitaka/2Majjhima-Nikaya/Majjhima2/064-maha-malunkhyaputta-p.html
tipitaka/2Sutta-Pitaka/2Majjhima-Nikaya/Majjhima2/065-bhaddali-p.html
tipitaka/2Sutta-Pitaka/2Majjhima-Nikaya/Majjhima2/066-latukikopama-p.html
tipitaka/2Sutta-Pitaka/2Majjhima-Nikaya/Majjhima2/067-catuma-p.html
tipitaka/2Sutta-Pitaka/2Majjhima-Nikaya/Majjhima2/068-nalakapana-p.html
tipitaka/2Sutta-Pitaka/2Majjhima-Nikaya/Majjhima2/069-gulissani-p.html
tipitaka/2Sutta-Pitaka/2Majjhima-Nikaya/Majjhima2/070-kitagiri-p.html
tipitaka/2Sutta-Pitaka/2Majjhima-Nikaya/Majjhima2/071-tevijja-vacchagotta-p.html
tipitaka/2Sutta-Pitaka/2Majjhima-Nikaya/Majjhima2/072-aggi-vacchagotta-p.html
tipitaka/2Sutta-Pitaka/2Majjhima-Nikaya/Majjhima2/073-maha-vacchagotta-p.html
tipitaka/2Sutta-Pitaka/2Majjhima-Nikaya/Majjhima2/074-dighanakha-p.html
tipitaka/2Sutta-Pitaka/2Majjhima-Nikaya/Majjhima2/075-magandiya-p.html
tipitaka/2Sutta-Pitaka/2Majjhima-Nikaya/Majjhima2/076-sandaka-p.html
tipitaka/2Sutta-Pitaka/2Majjhima-Nikaya/Majjhima2/077-mahasakuludayi-p.html
tipitaka/2Sutta-Pitaka/2Majjhima-Nikaya/Majjhima2/078-samanamandika-p.html
tipitaka/2Sutta-Pitaka/2Majjhima-Nikaya/Majjhima2/079-culasakuludayi-p.html
tipitaka/2Sutta-Pitaka/2Majjhima-Nikaya/Majjhima2/080-vekhanassa-p.html
tipitaka/2Sutta-Pitaka/2Majjhima-Nikaya/Majjhima2/081-ghatikara-p.html
tipitaka/2Sutta-Pitaka/2Majjhima-Nikaya/Majjhima2/082-ratthapala-p.html
tipitaka/2Sutta-Pitaka/2Majjhima-Nikaya/Majjhima2/083-makhadeva-p.html
tipitaka/2Sutta-Pitaka/2Majjhima-Nikaya/Majjhima2/084-madhura-p.html
tipitaka/2Sutta-Pitaka/2Majjhima-Nikaya/Majjhima2/085-bodhirajakumara-p.html
tipitaka/2Sutta-Pitaka/2Majjhima-Nikaya/Majjhima2/086-angulimala-p.html
tipitaka/2Sutta-Pitaka/2Majjhima-Nikaya/Majjhima2/087-piyajatika-p.html
tipitaka/2Sutta-Pitaka/2Majjhima-Nikaya/Majjhima2/088-bahitika-p.html
tipitaka/2Sutta-Pitaka/2Majjhima-Nikaya/Majjhima2/089-dhammacetiya-p.html
tipitaka/2Sutta-Pitaka/2Majjhima-Nikaya/Majjhima2/090-kannakatthala-p.html
tipitaka/2Sutta-Pitaka/2Majjhima-Nikaya/Majjhima2/091-brahmayu-p.html
tipitaka/2Sutta-Pitaka/2Majjhima-Nikaya/Majjhima2/092-sela-p.html
tipitaka/2Sutta-Pitaka/2Majjhima-Nikaya/Majjhima2/093-assalayana-p.html
tipitaka/2Sutta-Pitaka/2Majjhima-Nikaya/Majjhima2/094-ghotamukha-p.html
tipitaka/2Sutta-Pitaka/2Majjhima-Nikaya/Majjhima2/095-canki-p.html
tipitaka/2Sutta-Pitaka/2Majjhima-Nikaya/Majjhima2/096-phasukari-p.html
tipitaka/2Sutta-Pitaka/2Majjhima-Nikaya/Majjhima2/097-dhananjani-p.html
tipitaka/2Sutta-Pitaka/2Majjhima-Nikaya/Majjhima2/098-vasettha-p.html
tipitaka/2Sutta-Pitaka/2Majjhima-Nikaya/Majjhima2/099-subha-p.html
tipitaka/2Sutta-Pitaka/2Majjhima-Nikaya/Majjhima2/100-sangarava-p.html
tipitaka/2Sutta-Pitaka/2Majjhima-Nikaya/Majjhima3/101-devadaha-p.html
tipitaka/2Sutta-Pitaka/2Majjhima-Nikaya/Majjhima3/102-pancattaya-p.html
tipitaka/2Sutta-Pitaka/2Majjhima-Nikaya/Majjhima3/103-kinti-p.html
tipitaka/2Sutta-Pitaka/2Majjhima-Nikaya/Majjhima3/104-samagama-p.html
tipitaka/2Sutta-Pitaka/2Majjhima-Nikaya/Majjhima3/105-sunakkhatta-p.html
tipitaka/2Sutta-Pitaka/2Majjhima-Nikaya/Majjhima3/106-ananjasappaya-p.html
tipitaka/2Sutta-Pitaka/2Majjhima-Nikaya/Majjhima3/107-ganakamoggallana-p.html
tipitaka/2Sutta-Pitaka/2Majjhima-Nikaya/Majjhima3/108-gopakamoggallana-p.html
tipitaka/2Sutta-Pitaka/2Majjhima-Nikaya/Majjhima3/109-mahapunnama-p.html
tipitaka/2Sutta-Pitaka/2Majjhima-Nikaya/Majjhima3/110-culapunnama-p.html
tipitaka/2Sutta-Pitaka/2Majjhima-Nikaya/Majjhima3/111-anupada-p.html
tipitaka/2Sutta-Pitaka/2Majjhima-Nikaya/Majjhima3/112-chabbisodhana-p.html
tipitaka/2Sutta-Pitaka/2Majjhima-Nikaya/Majjhima3/113-sappurisa-p.html
tipitaka/2Sutta-Pitaka/2Majjhima-Nikaya/Majjhima3/114-sevitabba-asevitabba-p.html
tipitaka/2Sutta-Pitaka/2Majjhima-Nikaya/Majjhima3/115-bahudhatuka-p.html
tipitaka/2Sutta-Pitaka/2Majjhima-Nikaya/Majjhima3/116-isigili-p.html
tipitaka/2Sutta-Pitaka/2Majjhima-Nikaya/Majjhima3/117-mahacattarisaka-p.html
tipitaka/2Sutta-Pitaka/2Majjhima-Nikaya/Majjhima3/118-anappanasati-p.html
tipitaka/2Sutta-Pitaka/2Majjhima-Nikaya/Majjhima3/119-kayagatasati-p.html
tipitaka/2Sutta-Pitaka/2Majjhima-Nikaya/Majjhima3/120-sankharuppatti-p.html
tipitaka/2Sutta-Pitaka/2Majjhima-Nikaya/Majjhima3/121-culasunnata-p.html
tipitaka/2Sutta-Pitaka/2Majjhima-Nikaya/Majjhima3/122-mahasunnata-p.html
tipitaka/2Sutta-Pitaka/2Majjhima-Nikaya/Majjhima3/123-acchariyabbhutta-p.html
tipitaka/2Sutta-Pitaka/2Majjhima-Nikaya/Majjhima3/124-bakkula-p.html
tipitaka/2Sutta-Pitaka/2Majjhima-Nikaya/Majjhima3/125-dantabhumi-p.html
tipitaka/2Sutta-Pitaka/2Majjhima-Nikaya/Majjhima3/126-bhumija-p.html
tipitaka/2Sutta-Pitaka/2Majjhima-Nikaya/Majjhima3/127-anuruddha-p.html
tipitaka/2Sutta-Pitaka/2Majjhima-Nikaya/Majjhima3/128-upakkilesa-p.html
tipitaka/2Sutta-Pitaka/2Majjhima-Nikaya/Majjhima3/129-balapandita-p.html
tipitaka/2Sutta-Pitaka/2Majjhima-Nikaya/Majjhima3/130-devaduta-p.html
tipitaka/2Sutta-Pitaka/2Majjhima-Nikaya/Majjhima3/131-baddekaratta-p.html
tipitaka/2Sutta-Pitaka/2Majjhima-Nikaya/Majjhima3/132-ananda-bhaddekaratta-p.html
tipitaka/2Sutta-Pitaka/2Majjhima-Nikaya/Majjhima3/133-mahakaccana-bhaddekaratta-p.html
tipitaka/2Sutta-Pitaka/2Majjhima-Nikaya/Majjhima3/134-lomasakangiya-bhaddekaratta-p.html
tipitaka/2Sutta-Pitaka/2Majjhima-Nikaya/Majjhima3/135-culakammavibhanga-p.html
tipitaka/2Sutta-Pitaka/2Majjhima-Nikaya/Majjhima3/136-mahakammavibhanga-p.html
tipitaka/2Sutta-Pitaka/2Majjhima-Nikaya/Majjhima3/137-salayatanavibhanga-p.html
tipitaka/2Sutta-Pitaka/2Majjhima-Nikaya/Majjhima3/138-uddesavibhanga-p.html
tipitaka/2Sutta-Pitaka/2Majjhima-Nikaya/Majjhima3/139-aranavibhanga-p.html
tipitaka/2Sutta-Pitaka/2Majjhima-Nikaya/Majjhima3/140-dhatuvibhanga-p.html
tipitaka/2Sutta-Pitaka/2Majjhima-Nikaya/Majjhima3/141-saccavibhanga-p.html
tipitaka/2Sutta-Pitaka/2Majjhima-Nikaya/Majjhima3/142-dakkinavibhanga-p.html
tipitaka/2Sutta-Pitaka/2Majjhima-Nikaya/Majjhima3/143-anathapindikovada-p.html
tipitaka/2Sutta-Pitaka/2Majjhima-Nikaya/Majjhima3/144-channovada-p.html
tipitaka/2Sutta-Pitaka/2Majjhima-Nikaya/Majjhima3/145-punnovada-p.html
tipitaka/2Sutta-Pitaka/2Majjhima-Nikaya/Majjhima3/146-nandakovada-p.html
tipitaka/2Sutta-Pitaka/2Majjhima-Nikaya/Majjhima3/147-cularahulovada-p.html
tipitaka/2Sutta-Pitaka/2Majjhima-Nikaya/Majjhima3/148-chachakka-p.html
tipitaka/2Sutta-Pitaka/2Majjhima-Nikaya/Majjhima3/149-mahasalayatanika-p.html
tipitaka/2Sutta-Pitaka/2Majjhima-Nikaya/Majjhima3/150-nagaravindeyya-p.html
tipitaka/2Sutta-Pitaka/2Majjhima-Nikaya/Majjhima3/151-pindapataparisuddhi-p.html
tipitaka/2Sutta-Pitaka/2Majjhima-Nikaya/Majjhima3/152-indriyabhavana-p.html