tipitaka/2Sutta-Pitaka/3Samyutta-Nikaya/Samyutta1/01-Devata-Samyutta/01-Nalavaggo-e.html
tipitaka/2Sutta-Pitaka/3Samyutta-Nikaya/Samyutta1/01-Devata-Samyutta/02-Nandanavaggo-e.html
tipitaka/2Sutta-Pitaka/3Samyutta-Nikaya/Samyutta1/01-Devata-Samyutta/03-Sattivaggo-e.html
tipitaka/2Sutta-Pitaka/3Samyutta-Nikaya/Samyutta1/01-Devata-Samyutta/04-Satullapakayikavaggo-e.html
tipitaka/2Sutta-Pitaka/3Samyutta-Nikaya/Samyutta1/01-Devata-Samyutta/05-Adittavaggo-e.html
tipitaka/2Sutta-Pitaka/3Samyutta-Nikaya/Samyutta1/01-Devata-Samyutta/06-Jaravaggo-e.html
tipitaka/2Sutta-Pitaka/3Samyutta-Nikaya/Samyutta1/01-Devata-Samyutta/07-Anvavaggo-e.html
tipitaka/2Sutta-Pitaka/3Samyutta-Nikaya/Samyutta1/01-Devata-Samyutta/08-Jhatvavaggo-e.html
tipitaka/2Sutta-Pitaka/3Samyutta-Nikaya/Samyutta1/02-Devaputta-Samyutta/01-Suriyavaggo-e.html
tipitaka/2Sutta-Pitaka/3Samyutta-Nikaya/Samyutta1/02-Devaputta-Samyutta/02-Anathapindikavaggo-e.html
tipitaka/2Sutta-Pitaka/3Samyutta-Nikaya/Samyutta1/02-Devaputta-Samyutta/03-Nanatitthiyavaggo-e.html
tipitaka/2Sutta-Pitaka/3Samyutta-Nikaya/Samyutta1/03-Kosala-Samyutta/01-Bandhanavaggo-e.html
tipitaka/2Sutta-Pitaka/3Samyutta-Nikaya/Samyutta1/03-Kosala-Samyutta/02-Aputtakavaggo-e.html
tipitaka/2Sutta-Pitaka/3Samyutta-Nikaya/Samyutta1/03-Kosala-Samyutta/03-Kosalavaggo-e.html
tipitaka/2Sutta-Pitaka/3Samyutta-Nikaya/Samyutta1/04-Mara-Samyutta/01-Ayuvaggo-e.html
tipitaka/2Sutta-Pitaka/3Samyutta-Nikaya/Samyutta1/04-Mara-Samyutta/02-Rajjavaggo-e.html
tipitaka/2Sutta-Pitaka/3Samyutta-Nikaya/Samyutta1/04-Mara-Samyutta/03-Maravaggo-e.html
tipitaka/2Sutta-Pitaka/3Samyutta-Nikaya/Samyutta1/05-Bhikkhuni-Samyutta/01-Bhikkhunisamyutta-e.html
tipitaka/2Sutta-Pitaka/3Samyutta-Nikaya/Samyutta1/06-Brahma-Samyutta/01-Kokalikavaggo-e.html
tipitaka/2Sutta-Pitaka/3Samyutta-Nikaya/Samyutta1/06-Brahma-Samyutta/02-Parinibbanavaggo-e.html
tipitaka/2Sutta-Pitaka/3Samyutta-Nikaya/Samyutta1/07-Brahmana-Samyutta/01-Arahantavaggo-e.html
tipitaka/2Sutta-Pitaka/3Samyutta-Nikaya/Samyutta1/07-Brahmana-Samyutta/02-Upasakavaggo-e.html
tipitaka/2Sutta-Pitaka/3Samyutta-Nikaya/Samyutta1/08-Vangisa-Thera-Samyutta/01-Vangisavaggo-e.html
tipitaka/2Sutta-Pitaka/3Samyutta-Nikaya/Samyutta1/09-Vana-Samyutta/01-Vanavaggo-e.html
tipitaka/2Sutta-Pitaka/3Samyutta-Nikaya/Samyutta1/10-Yakkha-Samyutta/01-Indakavaggo-e.html
tipitaka/2Sutta-Pitaka/3Samyutta-Nikaya/Samyutta1/11-Sakka-Samyutta/01-Suviravaggo-e.html
tipitaka/2Sutta-Pitaka/3Samyutta-Nikaya/Samyutta1/11-Sakka-Samyutta/02-Sattavatavaggo-e.html
tipitaka/2Sutta-Pitaka/3Samyutta-Nikaya/Samyutta1/11-Sakka-Samyutta/03-Sakkapancakam-e.html
tipitaka/2Sutta-Pitaka/3Samyutta-Nikaya/Samyutta2/12-Abhisamaya-Samyutta/01-Buddhavaggo-e.html
tipitaka/2Sutta-Pitaka/3Samyutta-Nikaya/Samyutta2/12-Abhisamaya-Samyutta/02-Aharavaggo-e.html
tipitaka/2Sutta-Pitaka/3Samyutta-Nikaya/Samyutta2/12-Abhisamaya-Samyutta/03-Dasabalavaggo-e.html
tipitaka/2Sutta-Pitaka/3Samyutta-Nikaya/Samyutta2/12-Abhisamaya-Samyutta/04-Kalarakhattiyavaggo-e.html
tipitaka/2Sutta-Pitaka/3Samyutta-Nikaya/Samyutta2/12-Abhisamaya-Samyutta/05-Gahapativaggo-e.html
tipitaka/2Sutta-Pitaka/3Samyutta-Nikaya/Samyutta2/12-Abhisamaya-Samyutta/06-Dukkhavaggo-e.html
tipitaka/2Sutta-Pitaka/3Samyutta-Nikaya/Samyutta2/12-Abhisamaya-Samyutta/07-Mahavaggo-e.html
tipitaka/2Sutta-Pitaka/3Samyutta-Nikaya/Samyutta2/12-Abhisamaya-Samyutta/08-Samanabrahmanavaggo-e.html
tipitaka/2Sutta-Pitaka/3Samyutta-Nikaya/Samyutta2/12-Abhisamaya-Samyutta/09-01-Satthuvaggo-e.html
tipitaka/2Sutta-Pitaka/3Samyutta-Nikaya/Samyutta2/12-Abhisamaya-Samyutta/09-02-Sikkhavaggo-e.html
tipitaka/2Sutta-Pitaka/3Samyutta-Nikaya/Samyutta2/12-Abhisamaya-Samyutta/09-03-Yogavaggo-e.html
tipitaka/2Sutta-Pitaka/3Samyutta-Nikaya/Samyutta2/12-Abhisamaya-Samyutta/09-04-Chandavaggo-e.html
tipitaka/2Sutta-Pitaka/3Samyutta-Nikaya/Samyutta2/12-Abhisamaya-Samyutta/09-05-Ussolhivaggo-e.html
tipitaka/2Sutta-Pitaka/3Samyutta-Nikaya/Samyutta2/12-Abhisamaya-Samyutta/09-06-Appativanivaggo-e.html
tipitaka/2Sutta-Pitaka/3Samyutta-Nikaya/Samyutta2/12-Abhisamaya-Samyutta/09-07-Atappavaggo-e.html
tipitaka/2Sutta-Pitaka/3Samyutta-Nikaya/Samyutta2/12-Abhisamaya-Samyutta/09-08-Viriyavaggo-e.html
tipitaka/2Sutta-Pitaka/3Samyutta-Nikaya/Samyutta2/12-Abhisamaya-Samyutta/09-09-Sataccavaggo-e.html
tipitaka/2Sutta-Pitaka/3Samyutta-Nikaya/Samyutta2/12-Abhisamaya-Samyutta/09-10-Sativaggo-e.html
tipitaka/2Sutta-Pitaka/3Samyutta-Nikaya/Samyutta2/12-Abhisamaya-Samyutta/09-11-Sampajannavaggo-e.html
tipitaka/2Sutta-Pitaka/3Samyutta-Nikaya/Samyutta2/12-Abhisamaya-Samyutta/09-12-Appamadavaggo-e.html
tipitaka/2Sutta-Pitaka/3Samyutta-Nikaya/Samyutta2/12-Abhisamaya-Samyutta/10-Abhisamayavaggo-e.html
tipitaka/2Sutta-Pitaka/3Samyutta-Nikaya/Samyutta2/13-Dhatu-Samyutta/01-Nanattavaggo-e.html
tipitaka/2Sutta-Pitaka/3Samyutta-Nikaya/Samyutta2/13-Dhatu-Samyutta/02-Sattadhatuvaggo-e.html
tipitaka/2Sutta-Pitaka/3Samyutta-Nikaya/Samyutta2/13-Dhatu-Samyutta/03-Kammapathavaggo-e.html
tipitaka/2Sutta-Pitaka/3Samyutta-Nikaya/Samyutta2/13-Dhatu-Samyutta/04-Catudhatuvaggo-e.html
tipitaka/2Sutta-Pitaka/3Samyutta-Nikaya/Samyutta2/14-Anamatagga-Samyutta/01-Tinakatthavaggo-e.html
tipitaka/2Sutta-Pitaka/3Samyutta-Nikaya/Samyutta2/14-Anamatagga-Samyutta/02-Duggatavaggo-e.html
tipitaka/2Sutta-Pitaka/3Samyutta-Nikaya/Samyutta2/15-Kassapa-Samyutta/01-Kassapavaggo-e.html
tipitaka/2Sutta-Pitaka/3Samyutta-Nikaya/Samyutta2/16-Labhasakkara-Samyutta/01-Darunavaggo-e.html
tipitaka/2Sutta-Pitaka/3Samyutta-Nikaya/Samyutta2/16-Labhasakkara-Samyutta/02-Pativaggo-e.html
tipitaka/2Sutta-Pitaka/3Samyutta-Nikaya/Samyutta2/16-Labhasakkara-Samyutta/03-Matugamavaggo-e.html
tipitaka/2Sutta-Pitaka/3Samyutta-Nikaya/Samyutta2/16-Labhasakkara-Samyutta/04-Sanghabhedavaggo-e.html
tipitaka/2Sutta-Pitaka/3Samyutta-Nikaya/Samyutta2/17-Rahula-Samyutta/01-Pathamovaggo-e.html
tipitaka/2Sutta-Pitaka/3Samyutta-Nikaya/Samyutta2/17-Rahula-Samyutta/02-Dutiyovaggo-e.html
tipitaka/2Sutta-Pitaka/3Samyutta-Nikaya/Samyutta2/18-Lakkhana-Samyutta/01-Pathamovaggo-e.html
tipitaka/2Sutta-Pitaka/3Samyutta-Nikaya/Samyutta2/18-Lakkhana-Samyutta/02-Dutiyovaggo-e.html
tipitaka/2Sutta-Pitaka/3Samyutta-Nikaya/Samyutta2/19-Opamma-Samyutta/01-Pathamovaggo-e.html
tipitaka/2Sutta-Pitaka/3Samyutta-Nikaya/Samyutta2/20-Bhikkhu-Samyutta/01-Pathamovaggo-e.html
tipitaka/2Sutta-Pitaka/3Samyutta-Nikaya/Samyutta3/21-Khandha-Samyutta/01-01-Nakulapituvaggo-e.html
tipitaka/2Sutta-Pitaka/3Samyutta-Nikaya/Samyutta3/21-Khandha-Samyutta/01-02-Aniccavaggo-e.html
tipitaka/2Sutta-Pitaka/3Samyutta-Nikaya/Samyutta3/21-Khandha-Samyutta/01-03-Bharavaggo-e.html
tipitaka/2Sutta-Pitaka/3Samyutta-Nikaya/Samyutta3/21-Khandha-Samyutta/01-04-Natumhakavaggo-e.html
tipitaka/2Sutta-Pitaka/3Samyutta-Nikaya/Samyutta3/21-Khandha-Samyutta/01-05-Attadipavaggo-e.html
tipitaka/2Sutta-Pitaka/3Samyutta-Nikaya/Samyutta3/21-Khandha-Samyutta/02-01-Upayavaggo-e.html
tipitaka/2Sutta-Pitaka/3Samyutta-Nikaya/Samyutta3/21-Khandha-Samyutta/02-02-Arahattavaggo-e.html
tipitaka/2Sutta-Pitaka/3Samyutta-Nikaya/Samyutta3/21-Khandha-Samyutta/02-03-Khajjaniyavaggo-e.html
tipitaka/2Sutta-Pitaka/3Samyutta-Nikaya/Samyutta3/21-Khandha-Samyutta/02-04-Theravaggo-e.html
tipitaka/2Sutta-Pitaka/3Samyutta-Nikaya/Samyutta3/21-Khandha-Samyutta/02-05-Pupphavaggo-e.html
tipitaka/2Sutta-Pitaka/3Samyutta-Nikaya/Samyutta3/21-Khandha-Samyutta/03-01-Antavaggo-e.html
tipitaka/2Sutta-Pitaka/3Samyutta-Nikaya/Samyutta3/21-Khandha-Samyutta/03-02-Dhammakathikavaggo-e.html
tipitaka/2Sutta-Pitaka/3Samyutta-Nikaya/Samyutta3/21-Khandha-Samyutta/03-03-Avijjavaggo-e.html
tipitaka/2Sutta-Pitaka/3Samyutta-Nikaya/Samyutta3/21-Khandha-Samyutta/03-04-Kukkulavaggo-e.html
tipitaka/2Sutta-Pitaka/3Samyutta-Nikaya/Samyutta3/21-Khandha-Samyutta/03-05-Ditthivaggo-e.html
tipitaka/2Sutta-Pitaka/3Samyutta-Nikaya/Samyutta3/22-Radha-Samyutta/01-Pathamamaravaggo-e.html
tipitaka/2Sutta-Pitaka/3Samyutta-Nikaya/Samyutta3/22-Radha-Samyutta/02-Dutiyamaravaggo-e.html
tipitaka/2Sutta-Pitaka/3Samyutta-Nikaya/Samyutta3/22-Radha-Samyutta/03-Ayacanavaggo-e.html
tipitaka/2Sutta-Pitaka/3Samyutta-Nikaya/Samyutta3/22-Radha-Samyutta/04-Upanisinnavaggo-e.html
tipitaka/2Sutta-Pitaka/3Samyutta-Nikaya/Samyutta3/23-Ditthi-Samyutta/01-Sotapattivaggo-e.html
tipitaka/2Sutta-Pitaka/3Samyutta-Nikaya/Samyutta3/23-Ditthi-Samyutta/02-Gamanavaggo-e.html
tipitaka/2Sutta-Pitaka/3Samyutta-Nikaya/Samyutta3/23-Ditthi-Samyutta/03-TatiyaGamanavaggo-e.html
tipitaka/2Sutta-Pitaka/3Samyutta-Nikaya/Samyutta3/23-Ditthi-Samyutta/04-CatutthaGamanavaggo-e.html
tipitaka/2Sutta-Pitaka/3Samyutta-Nikaya/Samyutta3/24-Okkantika-Samyutta/01-Cakkhuvaggo-e.html
tipitaka/2Sutta-Pitaka/3Samyutta-Nikaya/Samyutta3/25-Uppada-Samyutta/01-Uppadavaggo-e.html
tipitaka/2Sutta-Pitaka/3Samyutta-Nikaya/Samyutta3/26-Kilesa-Samyutta/01-Kilesavaggo-e.html
tipitaka/2Sutta-Pitaka/3Samyutta-Nikaya/Samyutta3/27-Sariputta-Samyutta/01-Sariputtavaggo-e.html
tipitaka/2Sutta-Pitaka/3Samyutta-Nikaya/Samyutta3/28-Naga-Samyutta/01-Nagavaggo-e.html
tipitaka/2Sutta-Pitaka/3Samyutta-Nikaya/Samyutta3/29-Supanna-Samyutta/01-Supannavaggo-e.html
tipitaka/2Sutta-Pitaka/3Samyutta-Nikaya/Samyutta3/30-Gandhabbakaya-Samyutta/01-Gandhabbavaggo-e.html
tipitaka/2Sutta-Pitaka/3Samyutta-Nikaya/Samyutta3/31-Valaha-Samyutta/01-Valahakavaggo-e.html
tipitaka/2Sutta-Pitaka/3Samyutta-Nikaya/Samyutta3/32-Vacchagotta-Samyutta/01-Vacchagottavaggo-e.html
tipitaka/2Sutta-Pitaka/3Samyutta-Nikaya/Samyutta3/33-Jhana-Samyutta/01-Jhanavaggo-e.html
tipitaka/2Sutta-Pitaka/3Samyutta-Nikaya/Samyutta4/34-Salayatana-Samyutta/01-Aniccavaggo-e.html
tipitaka/2Sutta-Pitaka/3Samyutta-Nikaya/Samyutta4/34-Salayatana-Samyutta/02-Yamakavaggo-e.html
tipitaka/2Sutta-Pitaka/3Samyutta-Nikaya/Samyutta4/34-Salayatana-Samyutta/03-Sabbavaggo-e.html
tipitaka/2Sutta-Pitaka/3Samyutta-Nikaya/Samyutta4/34-Salayatana-Samyutta/04-Jatidhammavaggo-e.html
tipitaka/2Sutta-Pitaka/3Samyutta-Nikaya/Samyutta4/34-Salayatana-Samyutta/05-Sabbaniccavaggo-e.html
tipitaka/2Sutta-Pitaka/3Samyutta-Nikaya/Samyutta4/34-Salayatana-Samyutta/06-Avijjavaggo-e.html
tipitaka/2Sutta-Pitaka/3Samyutta-Nikaya/Samyutta4/34-Salayatana-Samyutta/07-Migajalavaggo-e.html
tipitaka/2Sutta-Pitaka/3Samyutta-Nikaya/Samyutta4/34-Salayatana-Samyutta/08-Gilanavaggo-e.html
tipitaka/2Sutta-Pitaka/3Samyutta-Nikaya/Samyutta4/34-Salayatana-Samyutta/09-Channavaggo-e.html
tipitaka/2Sutta-Pitaka/3Samyutta-Nikaya/Samyutta4/34-Salayatana-Samyutta/10-Chalavaggo-e.html
tipitaka/2Sutta-Pitaka/3Samyutta-Nikaya/Samyutta4/34-Salayatana-Samyutta/11-Yogakkhemivaggo-e.html
tipitaka/2Sutta-Pitaka/3Samyutta-Nikaya/Samyutta4/34-Salayatana-Samyutta/12-Lokakamagunavaggo-E.html
tipitaka/2Sutta-Pitaka/3Samyutta-Nikaya/Samyutta4/34-Salayatana-Samyutta/13-Gahapativaggo-e.html
tipitaka/2Sutta-Pitaka/3Samyutta-Nikaya/Samyutta4/34-Salayatana-Samyutta/14-Devadahavaggo-e.html
tipitaka/2Sutta-Pitaka/3Samyutta-Nikaya/Samyutta4/34-Salayatana-Samyutta/15-Navapuranavaggo-e.html
tipitaka/2Sutta-Pitaka/3Samyutta-Nikaya/Samyutta4/34-Salayatana-Samyutta/16-Nandikkhayavaggo-e.html
tipitaka/2Sutta-Pitaka/3Samyutta-Nikaya/Samyutta4/34-Salayatana-Samyutta/17-Satthipeyyalo-e.html
tipitaka/2Sutta-Pitaka/3Samyutta-Nikaya/Samyutta4/34-Salayatana-Samyutta/18-Samuddavaggo-e.html
tipitaka/2Sutta-Pitaka/3Samyutta-Nikaya/Samyutta4/34-Salayatana-Samyutta/19-asivisavaggo-e.html
tipitaka/2Sutta-Pitaka/3Samyutta-Nikaya/Samyutta4/35-Vedana-Samyutta/01-Sagathavaggo-e.html
tipitaka/2Sutta-Pitaka/3Samyutta-Nikaya/Samyutta4/35-Vedana-Samyutta/02-Rahogatavaggo-e.html
tipitaka/2Sutta-Pitaka/3Samyutta-Nikaya/Samyutta4/35-Vedana-Samyutta/03-Atthasatapariyayavaggo-e.html
tipitaka/2Sutta-Pitaka/3Samyutta-Nikaya/Samyutta4/36-Matugama-Samyutta/01-Matugamavaggo-e.html
tipitaka/2Sutta-Pitaka/3Samyutta-Nikaya/Samyutta4/36-Matugama-Samyutta/02-Anuruddhavaggo-e.html
tipitaka/2Sutta-Pitaka/3Samyutta-Nikaya/Samyutta4/36-Matugama-Samyutta/03-Balavaggo-e.html
tipitaka/2Sutta-Pitaka/3Samyutta-Nikaya/Samyutta4/37-Jambukhadaka-Samyutta/01-Jambukhadakasamyuttam-e.html
tipitaka/2Sutta-Pitaka/3Samyutta-Nikaya/Samyutta4/38-Samandaka-Samyutta/01-Samandakanisamyuttam-e.html
tipitaka/2Sutta-Pitaka/3Samyutta-Nikaya/Samyutta4/39-Moggalana-Samyutta/01-Moggallanasamyuttam-e.html
tipitaka/2Sutta-Pitaka/3Samyutta-Nikaya/Samyutta4/40-Citta-Samyutta/01-Cittavaggo-e.html
tipitaka/2Sutta-Pitaka/3Samyutta-Nikaya/Samyutta4/41-Gamini-Samyutta/01-Gamanivaggo-e.html
tipitaka/2Sutta-Pitaka/3Samyutta-Nikaya/Samyutta4/42-Asankhata-Samyutta/01-Asankhatavaggo-e.html
tipitaka/2Sutta-Pitaka/3Samyutta-Nikaya/Samyutta4/42-Asankhata-Samyutta/02-Dutiyaasankhatavaggo-e.html
tipitaka/2Sutta-Pitaka/3Samyutta-Nikaya/Samyutta4/43-Avyakata-Samyutta/01-Abyakatavaggo-e.html
tipitaka/2Sutta-Pitaka/3Samyutta-Nikaya/Samyutta5/44-Magga-Samyutta/01-Avijjavaggo-e.html
tipitaka/2Sutta-Pitaka/3Samyutta-Nikaya/Samyutta5/44-Magga-Samyutta/02-Viharavaggo-e.html
tipitaka/2Sutta-Pitaka/3Samyutta-Nikaya/Samyutta5/44-Magga-Samyutta/03-Micchattavaggo-e.html
tipitaka/2Sutta-Pitaka/3Samyutta-Nikaya/Samyutta5/44-Magga-Samyutta/04-Patipattivaggo-e.html
tipitaka/2Sutta-Pitaka/3Samyutta-Nikaya/Samyutta5/44-Magga-Samyutta/05-Annatitthiyapeyyalo-e.html
tipitaka/2Sutta-Pitaka/3Samyutta-Nikaya/Samyutta5/44-Magga-Samyutta/06-Suriyapeyyalo-e.html
tipitaka/2Sutta-Pitaka/3Samyutta-Nikaya/Samyutta5/44-Magga-Samyutta/07-Ekadhammapeyyalo-e.html
tipitaka/2Sutta-Pitaka/3Samyutta-Nikaya/Samyutta5/44-Magga-Samyutta/08-Dutiyaekadhammapeyyalo-e.html
tipitaka/2Sutta-Pitaka/3Samyutta-Nikaya/Samyutta5/44-Magga-Samyutta/09-Gangapeyyalo-e.html
tipitaka/2Sutta-Pitaka/3Samyutta-Nikaya/Samyutta5/44-Magga-Samyutta/10-Dutiyagangapeyyalo-e.html
tipitaka/2Sutta-Pitaka/3Samyutta-Nikaya/Samyutta5/44-Magga-Samyutta/11-Tatiyagangapeyyalo-e.html
tipitaka/2Sutta-Pitaka/3Samyutta-Nikaya/Samyutta5/44-Magga-Samyutta/12-Catutthagangapeyyalo-e.html
tipitaka/2Sutta-Pitaka/3Samyutta-Nikaya/Samyutta5/44-Magga-Samyutta/13-Appamadavaggo-e.html
tipitaka/2Sutta-Pitaka/3Samyutta-Nikaya/Samyutta5/44-Magga-Samyutta/14-Balakaraniyavaggo-e.html
tipitaka/2Sutta-Pitaka/3Samyutta-Nikaya/Samyutta5/44-Magga-Samyutta/15-Esanavaggo-e.html
tipitaka/2Sutta-Pitaka/3Samyutta-Nikaya/Samyutta5/44-Magga-Samyutta/16-Oghavaggo-e.html