tipitaka/2Sutta-Pitaka/3Samyutta-Nikaya/Samyutta1/01-Devata-Samyutta/01-Nalavaggo-p.html
tipitaka/2Sutta-Pitaka/3Samyutta-Nikaya/Samyutta1/01-Devata-Samyutta/02-Nandanavaggo-p.html
tipitaka/2Sutta-Pitaka/3Samyutta-Nikaya/Samyutta1/01-Devata-Samyutta/03-Sattivaggo-p.html
tipitaka/2Sutta-Pitaka/3Samyutta-Nikaya/Samyutta1/01-Devata-Samyutta/04-Satullapakayikavaggo-p.html
tipitaka/2Sutta-Pitaka/3Samyutta-Nikaya/Samyutta1/01-Devata-Samyutta/05-Adittavaggo-p.html
tipitaka/2Sutta-Pitaka/3Samyutta-Nikaya/Samyutta1/01-Devata-Samyutta/06-Jaravaggo-p.html
tipitaka/2Sutta-Pitaka/3Samyutta-Nikaya/Samyutta1/01-Devata-Samyutta/07-Anvavaggo-p.html
tipitaka/2Sutta-Pitaka/3Samyutta-Nikaya/Samyutta1/01-Devata-Samyutta/08-Jhatvavaggo-p.html
tipitaka/2Sutta-Pitaka/3Samyutta-Nikaya/Samyutta1/02-Devaputta-Samyutta/01-Suriyavaggo-p.html
tipitaka/2Sutta-Pitaka/3Samyutta-Nikaya/Samyutta1/02-Devaputta-Samyutta/02-Anathapindikavaggo-p.html
tipitaka/2Sutta-Pitaka/3Samyutta-Nikaya/Samyutta1/02-Devaputta-Samyutta/03-Nanatitthiyavaggo-p.html
tipitaka/2Sutta-Pitaka/3Samyutta-Nikaya/Samyutta1/03-Kosala-Samyutta/01-Bandhanavaggo-p.html
tipitaka/2Sutta-Pitaka/3Samyutta-Nikaya/Samyutta1/03-Kosala-Samyutta/02-Aputtakavaggo-p.html
tipitaka/2Sutta-Pitaka/3Samyutta-Nikaya/Samyutta1/03-Kosala-Samyutta/03-Kosalavaggo-p.html
tipitaka/2Sutta-Pitaka/3Samyutta-Nikaya/Samyutta1/04-Mara-Samyutta/01-Ayuvaggo-p.html
tipitaka/2Sutta-Pitaka/3Samyutta-Nikaya/Samyutta1/04-Mara-Samyutta/02-Rajjavaggo-p.html
tipitaka/2Sutta-Pitaka/3Samyutta-Nikaya/Samyutta1/04-Mara-Samyutta/03-Maravaggo-p.html
tipitaka/2Sutta-Pitaka/3Samyutta-Nikaya/Samyutta1/05-Bhikkhuni-Samyutta/01-Bhikkhunisamyutta-p.html
tipitaka/2Sutta-Pitaka/3Samyutta-Nikaya/Samyutta1/06-Brahma-Samyutta/01-Kokalikavaggo-p.html
tipitaka/2Sutta-Pitaka/3Samyutta-Nikaya/Samyutta1/06-Brahma-Samyutta/02-Parinibbanavaggo-p.html
tipitaka/2Sutta-Pitaka/3Samyutta-Nikaya/Samyutta1/07-Brahmana-Samyutta/01-Arahantavaggo-p.html
tipitaka/2Sutta-Pitaka/3Samyutta-Nikaya/Samyutta1/07-Brahmana-Samyutta/02-Upasakavaggo-p.html
tipitaka/2Sutta-Pitaka/3Samyutta-Nikaya/Samyutta1/08-Vangisa-Thera-Samyutta/01-Vangisavaggo-p.html
tipitaka/2Sutta-Pitaka/3Samyutta-Nikaya/Samyutta1/09-Vana-Samyutta/01-Vanavaggo-p.html
tipitaka/2Sutta-Pitaka/3Samyutta-Nikaya/Samyutta1/10-Yakkha-Samyutta/01-Indakavaggo-p.html
tipitaka/2Sutta-Pitaka/3Samyutta-Nikaya/Samyutta1/11-Sakka-Samyutta/01-Suviravaggo-p.html
tipitaka/2Sutta-Pitaka/3Samyutta-Nikaya/Samyutta1/11-Sakka-Samyutta/02-Sattavatavaggo-p.html
tipitaka/2Sutta-Pitaka/3Samyutta-Nikaya/Samyutta1/11-Sakka-Samyutta/03-Sakkapancakam-p.html
tipitaka/2Sutta-Pitaka/3Samyutta-Nikaya/Samyutta2/12-Abhisamaya-Samyutta/01-Buddhavaggo-p.html
tipitaka/2Sutta-Pitaka/3Samyutta-Nikaya/Samyutta2/12-Abhisamaya-Samyutta/02-Aharavaggo-p.html
tipitaka/2Sutta-Pitaka/3Samyutta-Nikaya/Samyutta2/12-Abhisamaya-Samyutta/03-Dasabalavaggo-p.html
tipitaka/2Sutta-Pitaka/3Samyutta-Nikaya/Samyutta2/12-Abhisamaya-Samyutta/04-Kalarakhattiyavaggo-p.html
tipitaka/2Sutta-Pitaka/3Samyutta-Nikaya/Samyutta2/12-Abhisamaya-Samyutta/05-Gahapativaggo-p.html
tipitaka/2Sutta-Pitaka/3Samyutta-Nikaya/Samyutta2/12-Abhisamaya-Samyutta/06-Dukkhavaggo-p.html
tipitaka/2Sutta-Pitaka/3Samyutta-Nikaya/Samyutta2/12-Abhisamaya-Samyutta/07-Mahavaggo-p.html
tipitaka/2Sutta-Pitaka/3Samyutta-Nikaya/Samyutta2/12-Abhisamaya-Samyutta/08-Samanabrahmanavaggo-p.html
tipitaka/2Sutta-Pitaka/3Samyutta-Nikaya/Samyutta2/12-Abhisamaya-Samyutta/09-01-Satthuvaggo-p.html
tipitaka/2Sutta-Pitaka/3Samyutta-Nikaya/Samyutta2/12-Abhisamaya-Samyutta/09-02-Sikkhavaggo-p.html
tipitaka/2Sutta-Pitaka/3Samyutta-Nikaya/Samyutta2/12-Abhisamaya-Samyutta/09-03-Yogavaggo-p.html
tipitaka/2Sutta-Pitaka/3Samyutta-Nikaya/Samyutta2/12-Abhisamaya-Samyutta/09-04-Chandavaggo-p.html
tipitaka/2Sutta-Pitaka/3Samyutta-Nikaya/Samyutta2/12-Abhisamaya-Samyutta/09-05-Ussolhivaggo-p.html
tipitaka/2Sutta-Pitaka/3Samyutta-Nikaya/Samyutta2/12-Abhisamaya-Samyutta/09-06-Appativanivaggo-p.html
tipitaka/2Sutta-Pitaka/3Samyutta-Nikaya/Samyutta2/12-Abhisamaya-Samyutta/09-07-Atappavaggo-p.html
tipitaka/2Sutta-Pitaka/3Samyutta-Nikaya/Samyutta2/12-Abhisamaya-Samyutta/09-08-Viriyavaggo-p.html
tipitaka/2Sutta-Pitaka/3Samyutta-Nikaya/Samyutta2/12-Abhisamaya-Samyutta/09-09-Sataccavaggo-p.html
tipitaka/2Sutta-Pitaka/3Samyutta-Nikaya/Samyutta2/12-Abhisamaya-Samyutta/09-10-Sativaggo-p.html
tipitaka/2Sutta-Pitaka/3Samyutta-Nikaya/Samyutta2/12-Abhisamaya-Samyutta/09-11-Sampajannavaggo-p.html
tipitaka/2Sutta-Pitaka/3Samyutta-Nikaya/Samyutta2/12-Abhisamaya-Samyutta/09-12-Appamadavaggo-p.html
tipitaka/2Sutta-Pitaka/3Samyutta-Nikaya/Samyutta2/12-Abhisamaya-Samyutta/10-Abhisamayavaggo-p.html
tipitaka/2Sutta-Pitaka/3Samyutta-Nikaya/Samyutta2/13-Dhatu-Samyutta/01-Nanattavaggo-p.html
tipitaka/2Sutta-Pitaka/3Samyutta-Nikaya/Samyutta2/13-Dhatu-Samyutta/02-Sattadhatuvaggo-p.html
tipitaka/2Sutta-Pitaka/3Samyutta-Nikaya/Samyutta2/13-Dhatu-Samyutta/03-Kammapathavaggo-p.html
tipitaka/2Sutta-Pitaka/3Samyutta-Nikaya/Samyutta2/13-Dhatu-Samyutta/04-Catudhatuvaggo-p.html
tipitaka/2Sutta-Pitaka/3Samyutta-Nikaya/Samyutta2/14-Anamatagga-Samyutta/01-Tinakatthavaggo-p.html
tipitaka/2Sutta-Pitaka/3Samyutta-Nikaya/Samyutta2/14-Anamatagga-Samyutta/02-Duggatavaggo-p.html
tipitaka/2Sutta-Pitaka/3Samyutta-Nikaya/Samyutta2/15-Kassapa-Samyutta/01-Kassapavaggo-p.html
tipitaka/2Sutta-Pitaka/3Samyutta-Nikaya/Samyutta2/16-Labhasakkara-Samyutta/01-Darunavaggo-p.html
tipitaka/2Sutta-Pitaka/3Samyutta-Nikaya/Samyutta2/16-Labhasakkara-Samyutta/02-Pativaggo-p.html
tipitaka/2Sutta-Pitaka/3Samyutta-Nikaya/Samyutta2/16-Labhasakkara-Samyutta/03-Matugamavaggo-p.html
tipitaka/2Sutta-Pitaka/3Samyutta-Nikaya/Samyutta2/16-Labhasakkara-Samyutta/04-Sanghabhedavaggo-p.html
tipitaka/2Sutta-Pitaka/3Samyutta-Nikaya/Samyutta2/17-Rahula-Samyutta/01-Pathamovaggo-p.html
tipitaka/2Sutta-Pitaka/3Samyutta-Nikaya/Samyutta2/17-Rahula-Samyutta/02-Dutiyovaggo-p.html
tipitaka/2Sutta-Pitaka/3Samyutta-Nikaya/Samyutta2/18-Lakkhana-Samyutta/01-Pathamovaggo-p.html
tipitaka/2Sutta-Pitaka/3Samyutta-Nikaya/Samyutta2/18-Lakkhana-Samyutta/02-Dutiyovaggo-p.html
tipitaka/2Sutta-Pitaka/3Samyutta-Nikaya/Samyutta2/19-Opamma-Samyutta/01-Pathamovaggo-p.html
tipitaka/2Sutta-Pitaka/3Samyutta-Nikaya/Samyutta2/20-Bhikkhu-Samyutta/01-Pathamovaggo-p.html
tipitaka/2Sutta-Pitaka/3Samyutta-Nikaya/Samyutta3/21-Khandha-Samyutta/01-01-Nakulapituvaggo-p.html
tipitaka/2Sutta-Pitaka/3Samyutta-Nikaya/Samyutta3/21-Khandha-Samyutta/01-02-Aniccavaggo-p.html
tipitaka/2Sutta-Pitaka/3Samyutta-Nikaya/Samyutta3/21-Khandha-Samyutta/01-03-Bharavaggo-p.html
tipitaka/2Sutta-Pitaka/3Samyutta-Nikaya/Samyutta3/21-Khandha-Samyutta/01-04-Natumhakavaggo-p.html
tipitaka/2Sutta-Pitaka/3Samyutta-Nikaya/Samyutta3/21-Khandha-Samyutta/01-05-Attadipavaggo-p.html
tipitaka/2Sutta-Pitaka/3Samyutta-Nikaya/Samyutta3/21-Khandha-Samyutta/02-01-Upayavaggo-p.html
tipitaka/2Sutta-Pitaka/3Samyutta-Nikaya/Samyutta3/21-Khandha-Samyutta/02-02-Arahattavaggo-p.html
tipitaka/2Sutta-Pitaka/3Samyutta-Nikaya/Samyutta3/21-Khandha-Samyutta/02-03-Khajjaniyavaggo-p.html
tipitaka/2Sutta-Pitaka/3Samyutta-Nikaya/Samyutta3/21-Khandha-Samyutta/02-04-Theravaggo-p.html
tipitaka/2Sutta-Pitaka/3Samyutta-Nikaya/Samyutta3/21-Khandha-Samyutta/02-05-Pupphavaggo-p.html
tipitaka/2Sutta-Pitaka/3Samyutta-Nikaya/Samyutta3/21-Khandha-Samyutta/03-01-Antavaggo-p.html
tipitaka/2Sutta-Pitaka/3Samyutta-Nikaya/Samyutta3/21-Khandha-Samyutta/03-02-Dhammakathikavaggo-p.html
tipitaka/2Sutta-Pitaka/3Samyutta-Nikaya/Samyutta3/21-Khandha-Samyutta/03-03-Avijjavaggo-p.html
tipitaka/2Sutta-Pitaka/3Samyutta-Nikaya/Samyutta3/21-Khandha-Samyutta/03-04-Kukkulavaggo-p.html
tipitaka/2Sutta-Pitaka/3Samyutta-Nikaya/Samyutta3/21-Khandha-Samyutta/03-05-Ditthivaggo-p.html
tipitaka/2Sutta-Pitaka/3Samyutta-Nikaya/Samyutta3/22-Radha-Samyutta/01-Pathamamaravaggo-p.html
tipitaka/2Sutta-Pitaka/3Samyutta-Nikaya/Samyutta3/22-Radha-Samyutta/02-Dutiyamaravaggo-p.html
tipitaka/2Sutta-Pitaka/3Samyutta-Nikaya/Samyutta3/22-Radha-Samyutta/03-Ayacanavaggo-p.html
tipitaka/2Sutta-Pitaka/3Samyutta-Nikaya/Samyutta3/22-Radha-Samyutta/04-Upanisinnavaggo-p.html
tipitaka/2Sutta-Pitaka/3Samyutta-Nikaya/Samyutta3/23-Ditthi-Samyutta/01-Sotapattivaggo-p.html
tipitaka/2Sutta-Pitaka/3Samyutta-Nikaya/Samyutta3/23-Ditthi-Samyutta/02-Gamanavaggo-p.html
tipitaka/2Sutta-Pitaka/3Samyutta-Nikaya/Samyutta3/23-Ditthi-Samyutta/03-TatiyaGamanavaggo-p.html
tipitaka/2Sutta-Pitaka/3Samyutta-Nikaya/Samyutta3/23-Ditthi-Samyutta/04-CatutthaGamanavaggo-p.html
tipitaka/2Sutta-Pitaka/3Samyutta-Nikaya/Samyutta3/24-Okkantika-Samyutta/01-Cakkhuvaggo-p.html
tipitaka/2Sutta-Pitaka/3Samyutta-Nikaya/Samyutta3/25-Uppada-Samyutta/01-Uppadavaggo-p.html
tipitaka/2Sutta-Pitaka/3Samyutta-Nikaya/Samyutta3/26-Kilesa-Samyutta/01-Kilesavaggo-p.html
tipitaka/2Sutta-Pitaka/3Samyutta-Nikaya/Samyutta3/27-Sariputta-Samyutta/01-Sariputtavaggo-p.html
tipitaka/2Sutta-Pitaka/3Samyutta-Nikaya/Samyutta3/28-Naga-Samyutta/01-Nagavaggo-p.html
tipitaka/2Sutta-Pitaka/3Samyutta-Nikaya/Samyutta3/29-Supanna-Samyutta/01-Supannavaggo-p.html
tipitaka/2Sutta-Pitaka/3Samyutta-Nikaya/Samyutta3/30-Gandhabbakaya-Samyutta/01-Gandhabbavaggo-p.html
tipitaka/2Sutta-Pitaka/3Samyutta-Nikaya/Samyutta3/31-Valaha-Samyutta/01-Valahakavaggo-p.html
tipitaka/2Sutta-Pitaka/3Samyutta-Nikaya/Samyutta3/32-Vacchagotta-Samyutta/01-Vacchagottavaggo-p.html
tipitaka/2Sutta-Pitaka/3Samyutta-Nikaya/Samyutta3/33-Jhana-Samyutta/01-Jhanavaggo-p.html
tipitaka/2Sutta-Pitaka/3Samyutta-Nikaya/Samyutta4/34-Salayatana-Samyutta/01-Aniccavaggo-p.html
tipitaka/2Sutta-Pitaka/3Samyutta-Nikaya/Samyutta4/34-Salayatana-Samyutta/02-Yamakavaggo-p.html
tipitaka/2Sutta-Pitaka/3Samyutta-Nikaya/Samyutta4/34-Salayatana-Samyutta/03-Sabbavaggo-p.html
tipitaka/2Sutta-Pitaka/3Samyutta-Nikaya/Samyutta4/34-Salayatana-Samyutta/04-Jatidhammavaggo-p.html
tipitaka/2Sutta-Pitaka/3Samyutta-Nikaya/Samyutta4/34-Salayatana-Samyutta/05-Sabbaniccavaggo-p.html
tipitaka/2Sutta-Pitaka/3Samyutta-Nikaya/Samyutta4/34-Salayatana-Samyutta/06-Avijjavaggo-p.html
tipitaka/2Sutta-Pitaka/3Samyutta-Nikaya/Samyutta4/34-Salayatana-Samyutta/07-Migajalavaggo-p.html
tipitaka/2Sutta-Pitaka/3Samyutta-Nikaya/Samyutta4/34-Salayatana-Samyutta/08-Gilanavaggo-p.html
tipitaka/2Sutta-Pitaka/3Samyutta-Nikaya/Samyutta4/34-Salayatana-Samyutta/09-Channavaggo-p.html
tipitaka/2Sutta-Pitaka/3Samyutta-Nikaya/Samyutta4/34-Salayatana-Samyutta/10-Chalavaggo-p.html
tipitaka/2Sutta-Pitaka/3Samyutta-Nikaya/Samyutta4/34-Salayatana-Samyutta/11-Yogakkhemivaggo-p.html
tipitaka/2Sutta-Pitaka/3Samyutta-Nikaya/Samyutta4/34-Salayatana-Samyutta/12-Lokakamagunavaggo-p.html
tipitaka/2Sutta-Pitaka/3Samyutta-Nikaya/Samyutta4/34-Salayatana-Samyutta/13-Gahapativaggo-p.html
tipitaka/2Sutta-Pitaka/3Samyutta-Nikaya/Samyutta4/34-Salayatana-Samyutta/14-Devadahavaggo-p.html
tipitaka/2Sutta-Pitaka/3Samyutta-Nikaya/Samyutta4/34-Salayatana-Samyutta/15-Navapuranavaggo-p.html
tipitaka/2Sutta-Pitaka/3Samyutta-Nikaya/Samyutta4/34-Salayatana-Samyutta/16-Nandikkhayavaggo-p.html
tipitaka/2Sutta-Pitaka/3Samyutta-Nikaya/Samyutta4/34-Salayatana-Samyutta/17-Satthipeyyalo-p.html
tipitaka/2Sutta-Pitaka/3Samyutta-Nikaya/Samyutta4/34-Salayatana-Samyutta/18-Samuddavaggo-p.html
tipitaka/2Sutta-Pitaka/3Samyutta-Nikaya/Samyutta4/34-Salayatana-Samyutta/19-Asivisavaggo-p.html
tipitaka/2Sutta-Pitaka/3Samyutta-Nikaya/Samyutta4/35-Vedana-Samyutta/01-Sagathavaggo-p.html
tipitaka/2Sutta-Pitaka/3Samyutta-Nikaya/Samyutta4/35-Vedana-Samyutta/02-Rahogatavaggo-p.html
tipitaka/2Sutta-Pitaka/3Samyutta-Nikaya/Samyutta4/35-Vedana-Samyutta/03-Atthasatapariyayavaggo-p.html
tipitaka/2Sutta-Pitaka/3Samyutta-Nikaya/Samyutta4/36-Matugama-Samyutta/01-Matugamavaggo-p.html
tipitaka/2Sutta-Pitaka/3Samyutta-Nikaya/Samyutta4/36-Matugama-Samyutta/02-Anuruddhavaggo-p.html
tipitaka/2Sutta-Pitaka/3Samyutta-Nikaya/Samyutta4/36-Matugama-Samyutta/03-Balavaggo-p.html
tipitaka/2Sutta-Pitaka/3Samyutta-Nikaya/Samyutta4/37-Jambukhadaka-Samyutta/01-Jambukhadakasamyuttam-p.html
tipitaka/2Sutta-Pitaka/3Samyutta-Nikaya/Samyutta4/38-Samandaka-Samyutta/01-Samandakanisamyuttam-p.html
tipitaka/2Sutta-Pitaka/3Samyutta-Nikaya/Samyutta4/39-Moggalana-Samyutta/01-Moggallanasamyuttam-p.html
tipitaka/2Sutta-Pitaka/3Samyutta-Nikaya/Samyutta4/40-Citta-Samyutta/01-Cittavaggo-p.html
tipitaka/2Sutta-Pitaka/3Samyutta-Nikaya/Samyutta4/41-Gamini-Samyutta/01-Gamanivaggo-p.html
tipitaka/2Sutta-Pitaka/3Samyutta-Nikaya/Samyutta4/42-Asankhata-Samyutta/01-Asankhatavaggo-p.html
tipitaka/2Sutta-Pitaka/3Samyutta-Nikaya/Samyutta4/42-Asankhata-Samyutta/02-Dutiyaasankhatavaggo-p.html
tipitaka/2Sutta-Pitaka/3Samyutta-Nikaya/Samyutta4/43-Avyakata-Samyutta/01-Abyakatavaggo-p.html
tipitaka/2Sutta-Pitaka/3Samyutta-Nikaya/Samyutta5/44-Magga-Samyutta/01-Avijjavaggo-p.html
tipitaka/2Sutta-Pitaka/3Samyutta-Nikaya/Samyutta5/44-Magga-Samyutta/02-Viharavaggo-p.html
tipitaka/2Sutta-Pitaka/3Samyutta-Nikaya/Samyutta5/44-Magga-Samyutta/03-Micchattavaggo-p.html
tipitaka/2Sutta-Pitaka/3Samyutta-Nikaya/Samyutta5/44-Magga-Samyutta/04-Patipattivaggo-p.html
tipitaka/2Sutta-Pitaka/3Samyutta-Nikaya/Samyutta5/44-Magga-Samyutta/05-Annatitthiyapeyyalo-p.html
tipitaka/2Sutta-Pitaka/3Samyutta-Nikaya/Samyutta5/44-Magga-Samyutta/06-Suriyapeyyalo-p.html
tipitaka/2Sutta-Pitaka/3Samyutta-Nikaya/Samyutta5/44-Magga-Samyutta/07-Ekadhammapeyyalo-p.html
tipitaka/2Sutta-Pitaka/3Samyutta-Nikaya/Samyutta5/44-Magga-Samyutta/08-Dutiyaekadhammapeyyalo-p.html
tipitaka/2Sutta-Pitaka/3Samyutta-Nikaya/Samyutta5/44-Magga-Samyutta/09-Gangapeyyalo-p.html
tipitaka/2Sutta-Pitaka/3Samyutta-Nikaya/Samyutta5/44-Magga-Samyutta/10-Dutiyagangapeyyalo-p.html
tipitaka/2Sutta-Pitaka/3Samyutta-Nikaya/Samyutta5/44-Magga-Samyutta/11-Tatiyagangapeyyalo-p.html
tipitaka/2Sutta-Pitaka/3Samyutta-Nikaya/Samyutta5/44-Magga-Samyutta/12-Catutthagangapeyyalo-p.html
tipitaka/2Sutta-Pitaka/3Samyutta-Nikaya/Samyutta5/44-Magga-Samyutta/13-Appamadavaggo-p.html
tipitaka/2Sutta-Pitaka/3Samyutta-Nikaya/Samyutta5/44-Magga-Samyutta/14-Balakaraniyavaggo-p.html
tipitaka/2Sutta-Pitaka/3Samyutta-Nikaya/Samyutta5/44-Magga-Samyutta/15-Esanavaggo-p.html
tipitaka/2Sutta-Pitaka/3Samyutta-Nikaya/Samyutta5/44-Magga-Samyutta/16-Oghavaggo-p.html
tipitaka/2Sutta-Pitaka/3Samyutta-Nikaya/Samyutta5/45-Bojjhanga-Samyutta/01-Pabbatavaggo-p.html
tipitaka/2Sutta-Pitaka/3Samyutta-Nikaya/Samyutta5/45-Bojjhanga-Samyutta/02-Gilanavaggo-p.html
tipitaka/2Sutta-Pitaka/3Samyutta-Nikaya/Samyutta5/45-Bojjhanga-Samyutta/03-Udayivaggo-p.html
tipitaka/2Sutta-Pitaka/3Samyutta-Nikaya/Samyutta5/45-Bojjhanga-Samyutta/04-Nivaranavaggo-p.html
tipitaka/2Sutta-Pitaka/3Samyutta-Nikaya/Samyutta5/45-Bojjhanga-Samyutta/05-Cakkavattivaggo-p.html
tipitaka/2Sutta-Pitaka/3Samyutta-Nikaya/Samyutta5/45-Bojjhanga-Samyutta/06-Bojjhangavaggo-p.html
tipitaka/2Sutta-Pitaka/3Samyutta-Nikaya/Samyutta5/45-Bojjhanga-Samyutta/07-Anapanavaggo-p.html
tipitaka/2Sutta-Pitaka/3Samyutta-Nikaya/Samyutta5/45-Bojjhanga-Samyutta/08-Nirodhavaggo-p.html
tipitaka/2Sutta-Pitaka/3Samyutta-Nikaya/Samyutta5/45-Bojjhanga-Samyutta/09-Gangapeyyalo-p.html
tipitaka/2Sutta-Pitaka/3Samyutta-Nikaya/Samyutta5/45-Bojjhanga-Samyutta/10-Appamadavaggo-p.html
tipitaka/2Sutta-Pitaka/3Samyutta-Nikaya/Samyutta5/45-Bojjhanga-Samyutta/11-Balakaraniyavaggo-p.html
tipitaka/2Sutta-Pitaka/3Samyutta-Nikaya/Samyutta5/45-Bojjhanga-Samyutta/12-Esanavaggo-p.html
tipitaka/2Sutta-Pitaka/3Samyutta-Nikaya/Samyutta5/45-Bojjhanga-Samyutta/13-Oghavaggo-p.html
tipitaka/2Sutta-Pitaka/3Samyutta-Nikaya/Samyutta5/45-Bojjhanga-Samyutta/14-Punagangapeyyalo-p.html
tipitaka/2Sutta-Pitaka/3Samyutta-Nikaya/Samyutta5/45-Bojjhanga-Samyutta/15-Punaappamadavaggo-p.html
tipitaka/2Sutta-Pitaka/3Samyutta-Nikaya/Samyutta5/45-Bojjhanga-Samyutta/16-Punabalakaraniyavaggo-p.html
tipitaka/2Sutta-Pitaka/3Samyutta-Nikaya/Samyutta5/45-Bojjhanga-Samyutta/18-Punaoghavaggo-p.html
tipitaka/2Sutta-Pitaka/3Samyutta-Nikaya/Samyutta5/46-Satipatthana-Samyutta/01-Ambapalivaggo-p.html
tipitaka/2Sutta-Pitaka/3Samyutta-Nikaya/Samyutta5/46-Satipatthana-Samyutta/02-Nalandavaggo-p.html
tipitaka/2Sutta-Pitaka/3Samyutta-Nikaya/Samyutta5/46-Satipatthana-Samyutta/03-Silatthitavaggo-p.html
tipitaka/2Sutta-Pitaka/3Samyutta-Nikaya/Samyutta5/46-Satipatthana-Samyutta/04-Ananussutavaggo-p.html
tipitaka/2Sutta-Pitaka/3Samyutta-Nikaya/Samyutta5/46-Satipatthana-Samyutta/05-Amatavaggo-p.html
tipitaka/2Sutta-Pitaka/3Samyutta-Nikaya/Samyutta5/46-Satipatthana-Samyutta/06-Gangapeyyalavaggo-p.html
tipitaka/2Sutta-Pitaka/3Samyutta-Nikaya/Samyutta5/46-Satipatthana-Samyutta/07-Appamadavaggo-p.html
tipitaka/2Sutta-Pitaka/3Samyutta-Nikaya/Samyutta5/46-Satipatthana-Samyutta/08-Balakaraniyavaggo-p.html
tipitaka/2Sutta-Pitaka/3Samyutta-Nikaya/Samyutta5/46-Satipatthana-Samyutta/09-Esanavaggo-p.html
tipitaka/2Sutta-Pitaka/3Samyutta-Nikaya/Samyutta5/46-Satipatthana-Samyutta/10-Oghavaggo-p.html
tipitaka/2Sutta-Pitaka/3Samyutta-Nikaya/Samyutta5/47-Indriya-Samyutta/01-Suddhakavaggo-p.html
tipitaka/2Sutta-Pitaka/3Samyutta-Nikaya/Samyutta5/47-Indriya-Samyutta/02-Mudutaravaggo-p.html
tipitaka/2Sutta-Pitaka/3Samyutta-Nikaya/Samyutta5/47-Indriya-Samyutta/03-Chalindriyavaggo-p.html
tipitaka/2Sutta-Pitaka/3Samyutta-Nikaya/Samyutta5/47-Indriya-Samyutta/04-Sukhindriyavaggo-p.html
tipitaka/2Sutta-Pitaka/3Samyutta-Nikaya/Samyutta5/47-Indriya-Samyutta/05-Jaravaggo-p.html
tipitaka/2Sutta-Pitaka/3Samyutta-Nikaya/Samyutta5/47-Indriya-Samyutta/06-Sukarakhatavaggo-p.html
tipitaka/2Sutta-Pitaka/3Samyutta-Nikaya/Samyutta5/47-Indriya-Samyutta/07-Sambodhivaggo-p.html
tipitaka/2Sutta-Pitaka/3Samyutta-Nikaya/Samyutta5/47-Indriya-Samyutta/08-Gangapeyyalo-p.html
tipitaka/2Sutta-Pitaka/3Samyutta-Nikaya/Samyutta5/47-Indriya-Samyutta/09-Appamadavaggo-p.html
tipitaka/2Sutta-Pitaka/3Samyutta-Nikaya/Samyutta5/47-Indriya-Samyutta/10-Balakaraniyavaggo-p.html
tipitaka/2Sutta-Pitaka/3Samyutta-Nikaya/Samyutta5/47-Indriya-Samyutta/11-Esanavaggo-p.html
tipitaka/2Sutta-Pitaka/3Samyutta-Nikaya/Samyutta5/47-Indriya-Samyutta/12-Oghavaggo-p.html
tipitaka/2Sutta-Pitaka/3Samyutta-Nikaya/Samyutta5/47-Indriya-Samyutta/13-Punagangapeyyalo-p.html
tipitaka/2Sutta-Pitaka/3Samyutta-Nikaya/Samyutta5/47-Indriya-Samyutta/14-Punaappamadavaggo-p.html
tipitaka/2Sutta-Pitaka/3Samyutta-Nikaya/Samyutta5/47-Indriya-Samyutta/15-Punabalanaraniyavaggo-p.html
tipitaka/2Sutta-Pitaka/3Samyutta-Nikaya/Samyutta5/47-Indriya-Samyutta/16-Punaesanavaggo-p.html
tipitaka/2Sutta-Pitaka/3Samyutta-Nikaya/Samyutta5/47-Indriya-Samyutta/17-Punaoghavaggo-p.html
tipitaka/2Sutta-Pitaka/3Samyutta-Nikaya/Samyutta5/48--Sammappadhana-Samyutta/01-Gangapeyyalo-p.html
tipitaka/2Sutta-Pitaka/3Samyutta-Nikaya/Samyutta5/48--Sammappadhana-Samyutta/02-Appamadavaggo-p.html
tipitaka/2Sutta-Pitaka/3Samyutta-Nikaya/Samyutta5/48--Sammappadhana-Samyutta/03-Balakaraniyavaggo-p.html
tipitaka/2Sutta-Pitaka/3Samyutta-Nikaya/Samyutta5/48--Sammappadhana-Samyutta/04-Esanavaggo-p.html
tipitaka/2Sutta-Pitaka/3Samyutta-Nikaya/Samyutta5/48--Sammappadhana-Samyutta/05-Oghavaggo-p.html
tipitaka/2Sutta-Pitaka/3Samyutta-Nikaya/Samyutta5/49-Bala-Samyutta/01-Gangapeyyalavaggo-p.html
tipitaka/2Sutta-Pitaka/3Samyutta-Nikaya/Samyutta5/49-Bala-Samyutta/02-Appamadavaggo-p.html
tipitaka/2Sutta-Pitaka/3Samyutta-Nikaya/Samyutta5/49-Bala-Samyutta/03-Balakaraniyavaggo-p.html
tipitaka/2Sutta-Pitaka/3Samyutta-Nikaya/Samyutta5/49-Bala-Samyutta/04-Esanavaggo-p.html
tipitaka/2Sutta-Pitaka/3Samyutta-Nikaya/Samyutta5/49-Bala-Samyutta/05-Oghavaggo-p.html
tipitaka/2Sutta-Pitaka/3Samyutta-Nikaya/Samyutta5/49-Bala-Samyutta/06-Punagangapyalo-p.html
tipitaka/2Sutta-Pitaka/3Samyutta-Nikaya/Samyutta5/49-Bala-Samyutta/07-Punaappamadavaggo-p.html
tipitaka/2Sutta-Pitaka/3Samyutta-Nikaya/Samyutta5/49-Bala-Samyutta/08-Punabalakaraniyavaggo-p.html
tipitaka/2Sutta-Pitaka/3Samyutta-Nikaya/Samyutta5/49-Bala-Samyutta/09-Punaesanavaggo-p.html
tipitaka/2Sutta-Pitaka/3Samyutta-Nikaya/Samyutta5/49-Bala-Samyutta/10-Punaoghavaggo-p.html
tipitaka/2Sutta-Pitaka/3Samyutta-Nikaya/Samyutta5/50-Iddhipada-Samyutta/01-Capalavaggo-p.html
tipitaka/2Sutta-Pitaka/3Samyutta-Nikaya/Samyutta5/50-Iddhipada-Samyutta/02-Pasadakampanavaggo-p.html
tipitaka/2Sutta-Pitaka/3Samyutta-Nikaya/Samyutta5/50-Iddhipada-Samyutta/03-Ayogulavaggo-p.html
tipitaka/2Sutta-Pitaka/3Samyutta-Nikaya/Samyutta5/50-Iddhipada-Samyutta/04-Gangapeyyalavaggo-p.html
tipitaka/2Sutta-Pitaka/3Samyutta-Nikaya/Samyutta5/51-Anuruddha-Samyutta/01-Rahogatavaggo-p.html
tipitaka/2Sutta-Pitaka/3Samyutta-Nikaya/Samyutta5/51-Anuruddha-Samyutta/02-Sahassavaggo-p.html
tipitaka/2Sutta-Pitaka/3Samyutta-Nikaya/Samyutta5/52-Jhana-Samyutta/01-Gangapeyyalavaggo-p.html
tipitaka/2Sutta-Pitaka/3Samyutta-Nikaya/Samyutta5/53-Anapana-Samyutta/01-Ekadhammavaggo-p.html
tipitaka/2Sutta-Pitaka/3Samyutta-Nikaya/Samyutta5/53-Anapana-Samyutta/02-Anandavaggo-p.html
tipitaka/2Sutta-Pitaka/3Samyutta-Nikaya/Samyutta5/54-Sotapatti-Samyutta/01-Veludvaravaggo-p.html
tipitaka/2Sutta-Pitaka/3Samyutta-Nikaya/Samyutta5/54-Sotapatti-Samyutta/02-Rajakaramavaggo-p.html
tipitaka/2Sutta-Pitaka/3Samyutta-Nikaya/Samyutta5/54-Sotapatti-Samyutta/03-Sarakanivaggo-p.html
tipitaka/2Sutta-Pitaka/3Samyutta-Nikaya/Samyutta5/54-Sotapatti-Samyutta/04-Punnabhisandavaggo-p.html
tipitaka/2Sutta-Pitaka/3Samyutta-Nikaya/Samyutta5/54-Sotapatti-Samyutta/05-Sagathapunnabhisandavaggo-p.html
tipitaka/2Sutta-Pitaka/3Samyutta-Nikaya/Samyutta5/54-Sotapatti-Samyutta/06-Sappannavaggo-p.html
tipitaka/2Sutta-Pitaka/3Samyutta-Nikaya/Samyutta5/54-Sotapatti-Samyutta/07-Mahapannavaggo-p.html
tipitaka/2Sutta-Pitaka/3Samyutta-Nikaya/Samyutta5/55-Sacca-Samyutta/01-Samadhivaggo-p.html
tipitaka/2Sutta-Pitaka/3Samyutta-Nikaya/Samyutta5/55-Sacca-Samyutta/02-Dhammacakkappavattanavaggo-p.html
tipitaka/2Sutta-Pitaka/3Samyutta-Nikaya/Samyutta5/55-Sacca-Samyutta/03-Kotigamavaggo-p.html
tipitaka/2Sutta-Pitaka/3Samyutta-Nikaya/Samyutta5/55-Sacca-Samyutta/04-Simsapavanavaggo-p.html
tipitaka/2Sutta-Pitaka/3Samyutta-Nikaya/Samyutta5/55-Sacca-Samyutta/05-Papatavaggo-p.html
tipitaka/2Sutta-Pitaka/3Samyutta-Nikaya/Samyutta5/55-Sacca-Samyutta/06-Abhisamayavaggo-p.html
tipitaka/2Sutta-Pitaka/3Samyutta-Nikaya/Samyutta5/55-Sacca-Samyutta/07-Amakadhannapeyyalavaggo-p.html
tipitaka/2Sutta-Pitaka/3Samyutta-Nikaya/Samyutta5/55-Sacca-Samyutta/08-Dutiyaamakadhannapeyyalavaggo-p.html
tipitaka/2Sutta-Pitaka/3Samyutta-Nikaya/Samyutta5/55-Sacca-Samyutta/09-Tatiyaamakadhannapeyyalavaggo-p.html
tipitaka/2Sutta-Pitaka/3Samyutta-Nikaya/Samyutta5/55-Sacca-Samyutta/10-Catutthaamakadhannapeyyalavaggo-p.html
tipitaka/2Sutta-Pitaka/3Samyutta-Nikaya/Samyutta5/55-Sacca-Samyutta/11-Pancagatipeyyalavaggo-p.html
